[2026-08-05 21:28:16] Consultando: Anoia > Igualada (Todos los tipos) [Viviendas] ...
[2026-08-05 21:28:18]   -> 5 anuncios encontrados
[2026-08-05 21:28:18] Consultando: Anoia > Igualada (Todos los tipos) [Garajes] ...
[2026-08-05 21:28:19]   -> 1 anuncios encontrados
[2026-08-05 21:28:19] Consultando: Anoia > Igualada (Todos los tipos) [Trasteros] ...
[2026-08-05 21:28:19]   -> 0 anuncios encontrados
[2026-08-05 21:28:19] Consultando: Anoia > Igualada (Todos los tipos) [Locales] ...
[2026-08-05 21:28:20]   -> 2 anuncios encontrados
[2026-08-05 21:28:20] Consultando: Anoia > Igualada (Todos los tipos) [Naves] ...
[2026-08-05 21:28:20]   -> 0 anuncios encontrados
[2026-08-05 21:28:20] Consultando: Anoia > Igualada (Todos los tipos) [Oficinas] ...
[2026-08-05 21:28:21]   -> 0 anuncios encontrados
[2026-08-05 21:28:21] Consultando: Anoia > Igualada (Todos los tipos) [Terrenos] ...
[2026-08-05 21:28:21]   -> 0 anuncios encontrados
[2026-08-05 21:28:21] Consultando: Anoia > Igualada (Todos los tipos) [Obras paradas] ...
[2026-08-05 21:28:22]   -> 0 anuncios encontrados
[2026-08-05 21:28:22] Consultando: Anoia > Igualada (Todos los tipos) [Edificios] ...
[2026-08-05 21:28:23]   -> 1 anuncios encontrados
[2026-08-05 21:28:23] Consultando: Anoia > Igualada (Todos los tipos) [Negocios] ...
[2026-08-05 21:28:23]   -> 0 anuncios encontrados
[2026-08-05 21:28:23] Consultando: Anoia > Igualada (Todos los tipos) [Otros] ...
[2026-08-05 21:28:23]   -> 0 anuncios encontrados
[2026-08-05 21:28:23] Consultando: Anoia > Jorba (Todos los tipos) [Viviendas] ...
[2026-08-05 21:28:24]   -> 1 anuncios encontrados
[2026-08-05 21:28:24] Consultando: Anoia > Jorba (Todos los tipos) [Garajes] ...
[2026-08-05 21:28:25]   -> 0 anuncios encontrados
[2026-08-05 21:28:25] Consultando: Anoia > Jorba (Todos los tipos) [Trasteros] ...
[2026-08-05 21:28:25]   -> 0 anuncios encontrados
[2026-08-05 21:28:25] Consultando: Anoia > Jorba (Todos los tipos) [Locales] ...
[2026-08-05 21:28:26]   -> 0 anuncios encontrados
[2026-08-05 21:28:26] Consultando: Anoia > Jorba (Todos los tipos) [Naves] ...
[2026-08-05 21:28:26]   -> 0 anuncios encontrados
[2026-08-05 21:28:26] Consultando: Anoia > Jorba (Todos los tipos) [Oficinas] ...
[2026-08-05 21:28:27]   -> 0 anuncios encontrados
[2026-08-05 21:28:27] Consultando: Anoia > Jorba (Todos los tipos) [Terrenos] ...
[2026-08-05 21:28:27]   -> 0 anuncios encontrados
[2026-08-05 21:28:27] Consultando: Anoia > Jorba (Todos los tipos) [Obras paradas] ...
[2026-08-05 21:28:28]   -> 0 anuncios encontrados
[2026-08-05 21:28:28] Consultando: Anoia > Jorba (Todos los tipos) [Edificios] ...
[2026-08-05 21:28:28]   -> 0 anuncios encontrados
[2026-08-05 21:28:28] Consultando: Anoia > Jorba (Todos los tipos) [Negocios] ...
[2026-08-05 21:28:28]   -> 0 anuncios encontrados
[2026-08-05 21:28:28] Consultando: Anoia > Jorba (Todos los tipos) [Otros] ...
[2026-08-05 21:28:29]   -> 0 anuncios encontrados
[2026-08-05 21:28:29] Consultando: Anoia > Piera (Todos los tipos) [Viviendas] ...
[2026-08-05 21:28:30]   -> 2 anuncios encontrados
[2026-08-05 21:28:30] Consultando: Anoia > Piera (Todos los tipos) [Garajes] ...
[2026-08-05 21:28:30]   -> 10 anuncios encontrados
[2026-08-05 21:28:30] Consultando: Anoia > Piera (Todos los tipos) [Trasteros] ...
[2026-08-05 21:28:31]   -> 0 anuncios encontrados
[2026-08-05 21:28:31] Consultando: Anoia > Piera (Todos los tipos) [Locales] ...
[2026-08-05 21:28:31]   -> 0 anuncios encontrados
[2026-08-05 21:28:31] Consultando: Anoia > Piera (Todos los tipos) [Naves] ...
[2026-08-05 21:28:32]   -> 0 anuncios encontrados
[2026-08-05 21:28:32] Consultando: Anoia > Piera (Todos los tipos) [Oficinas] ...
[2026-08-05 21:28:32]   -> 0 anuncios encontrados
[2026-08-05 21:28:32] Consultando: Anoia > Piera (Todos los tipos) [Terrenos] ...
[2026-08-05 21:28:33]   -> 6 anuncios encontrados
[2026-08-05 21:28:33] Consultando: Anoia > Piera (Todos los tipos) [Obras paradas] ...
[2026-08-05 21:28:34]   -> 0 anuncios encontrados
[2026-08-05 21:28:34] Consultando: Anoia > Piera (Todos los tipos) [Edificios] ...
[2026-08-05 21:28:34]   -> 0 anuncios encontrados
[2026-08-05 21:28:34] Consultando: Anoia > Piera (Todos los tipos) [Negocios] ...
[2026-08-05 21:28:34]   -> 0 anuncios encontrados
[2026-08-05 21:28:34] Consultando: Anoia > Piera (Todos los tipos) [Otros] ...
[2026-08-05 21:28:35]   -> 0 anuncios encontrados
[2026-08-05 21:28:35] Consultando: Anoia > Santa Margarida de Montbui (Todos los tipos) [Viviendas] ...
[2026-08-05 21:28:36]   -> 1 anuncios encontrados
[2026-08-05 21:28:36] Consultando: Anoia > Santa Margarida de Montbui (Todos los tipos) [Garajes] ...
[2026-08-05 21:28:36]   -> 0 anuncios encontrados
[2026-08-05 21:28:36] Consultando: Anoia > Santa Margarida de Montbui (Todos los tipos) [Trasteros] ...
[2026-08-05 21:28:37]   -> 0 anuncios encontrados
[2026-08-05 21:28:37] Consultando: Anoia > Santa Margarida de Montbui (Todos los tipos) [Locales] ...
[2026-08-05 21:28:37]   -> 3 anuncios encontrados
[2026-08-05 21:28:37] Consultando: Anoia > Santa Margarida de Montbui (Todos los tipos) [Naves] ...
[2026-08-05 21:28:38]   -> 0 anuncios encontrados
[2026-08-05 21:28:38] Consultando: Anoia > Santa Margarida de Montbui (Todos los tipos) [Oficinas] ...
[2026-08-05 21:28:38]   -> 0 anuncios encontrados
[2026-08-05 21:28:38] Consultando: Anoia > Santa Margarida de Montbui (Todos los tipos) [Terrenos] ...
[2026-08-05 21:28:39]   -> 5 anuncios encontrados
[2026-08-05 21:28:39] Consultando: Anoia > Santa Margarida de Montbui (Todos los tipos) [Obras paradas] ...
[2026-08-05 21:28:40]   -> 0 anuncios encontrados
[2026-08-05 21:28:40] Consultando: Anoia > Santa Margarida de Montbui (Todos los tipos) [Edificios] ...
[2026-08-05 21:28:40]   -> 0 anuncios encontrados
[2026-08-05 21:28:40] Consultando: Anoia > Santa Margarida de Montbui (Todos los tipos) [Negocios] ...
[2026-08-05 21:28:41]   -> 0 anuncios encontrados
[2026-08-05 21:28:41] Consultando: Anoia > Santa Margarida de Montbui (Todos los tipos) [Otros] ...
[2026-08-05 21:28:41]   -> 0 anuncios encontrados
[2026-08-05 21:28:41] Consultando: Anoia > Vallbona d'Anoia (Todos los tipos) [Viviendas] ...
[2026-08-05 21:28:42]   -> 1 anuncios encontrados
[2026-08-05 21:28:42] Consultando: Anoia > Vallbona d'Anoia (Todos los tipos) [Garajes] ...
[2026-08-05 21:28:42]   -> 0 anuncios encontrados
[2026-08-05 21:28:42] Consultando: Anoia > Vallbona d'Anoia (Todos los tipos) [Trasteros] ...
[2026-08-05 21:28:43]   -> 0 anuncios encontrados
[2026-08-05 21:28:43] Consultando: Anoia > Vallbona d'Anoia (Todos los tipos) [Locales] ...
[2026-08-05 21:28:43]   -> 0 anuncios encontrados
[2026-08-05 21:28:43] Consultando: Anoia > Vallbona d'Anoia (Todos los tipos) [Naves] ...
[2026-08-05 21:28:44]   -> 0 anuncios encontrados
[2026-08-05 21:28:44] Consultando: Anoia > Vallbona d'Anoia (Todos los tipos) [Oficinas] ...
[2026-08-05 21:28:44]   -> 0 anuncios encontrados
[2026-08-05 21:28:44] Consultando: Anoia > Vallbona d'Anoia (Todos los tipos) [Terrenos] ...
[2026-08-05 21:28:45]   -> 0 anuncios encontrados
[2026-08-05 21:28:45] Consultando: Anoia > Vallbona d'Anoia (Todos los tipos) [Obras paradas] ...
[2026-08-05 21:28:45]   -> 0 anuncios encontrados
[2026-08-05 21:28:45] Consultando: Anoia > Vallbona d'Anoia (Todos los tipos) [Edificios] ...
[2026-08-05 21:28:45]   -> 0 anuncios encontrados
[2026-08-05 21:28:45] Consultando: Anoia > Vallbona d'Anoia (Todos los tipos) [Negocios] ...
[2026-08-05 21:28:46]   -> 0 anuncios encontrados
[2026-08-05 21:28:46] Consultando: Anoia > Vallbona d'Anoia (Todos los tipos) [Otros] ...
[2026-08-05 21:28:46]   -> 0 anuncios encontrados
[2026-08-05 21:28:46] Consultando: Anoia > Vilanova del Camí (Todos los tipos) [Viviendas] ...
[2026-08-05 21:28:47]   -> 5 anuncios encontrados
[2026-08-05 21:28:47] Consultando: Anoia > Vilanova del Camí (Todos los tipos) [Garajes] ...
[2026-08-05 21:28:48]   -> 0 anuncios encontrados
[2026-08-05 21:28:48] Consultando: Anoia > Vilanova del Camí (Todos los tipos) [Trasteros] ...
[2026-08-05 21:28:48]   -> 0 anuncios encontrados
[2026-08-05 21:28:48] Consultando: Anoia > Vilanova del Camí (Todos los tipos) [Locales] ...
[2026-08-05 21:28:49]   -> 0 anuncios encontrados
[2026-08-05 21:28:49] Consultando: Anoia > Vilanova del Camí (Todos los tipos) [Naves] ...
[2026-08-05 21:28:49]   -> 0 anuncios encontrados
[2026-08-05 21:28:49] Consultando: Anoia > Vilanova del Camí (Todos los tipos) [Oficinas] ...
[2026-08-05 21:28:49]   -> 0 anuncios encontrados
[2026-08-05 21:28:49] Consultando: Anoia > Vilanova del Camí (Todos los tipos) [Terrenos] ...
[2026-08-05 21:28:50]   -> 1 anuncios encontrados
[2026-08-05 21:28:50] Consultando: Anoia > Vilanova del Camí (Todos los tipos) [Obras paradas] ...
[2026-08-05 21:28:51]   -> 0 anuncios encontrados
[2026-08-05 21:28:51] Consultando: Anoia > Vilanova del Camí (Todos los tipos) [Edificios] ...
[2026-08-05 21:28:51]   -> 0 anuncios encontrados
[2026-08-05 21:28:51] Consultando: Anoia > Vilanova del Camí (Todos los tipos) [Negocios] ...
[2026-08-05 21:28:52]   -> 0 anuncios encontrados
[2026-08-05 21:28:52] Consultando: Anoia > Vilanova del Camí (Todos los tipos) [Otros] ...
[2026-08-05 21:28:52]   -> 0 anuncios encontrados
[2026-08-05 21:28:52] Consultando: Berguedà > Berga (Todos los tipos) [Viviendas] ...
[2026-08-05 21:28:53]   -> 5 anuncios encontrados
[2026-08-05 21:28:53] Consultando: Berguedà > Berga (Todos los tipos) [Garajes] ...
[2026-08-05 21:28:53]   -> 0 anuncios encontrados
[2026-08-05 21:28:53] Consultando: Berguedà > Berga (Todos los tipos) [Trasteros] ...
[2026-08-05 21:28:54]   -> 0 anuncios encontrados
[2026-08-05 21:28:54] Consultando: Berguedà > Berga (Todos los tipos) [Locales] ...
[2026-08-05 21:28:55]   -> 4 anuncios encontrados
[2026-08-05 21:28:55] Consultando: Berguedà > Berga (Todos los tipos) [Naves] ...
[2026-08-05 21:28:55]   -> 0 anuncios encontrados
[2026-08-05 21:28:55] Consultando: Berguedà > Berga (Todos los tipos) [Oficinas] ...
[2026-08-05 21:28:56]   -> 1 anuncios encontrados
[2026-08-05 21:28:56] Consultando: Berguedà > Berga (Todos los tipos) [Terrenos] ...
[2026-08-05 21:28:56]   -> 0 anuncios encontrados
[2026-08-05 21:28:56] Consultando: Berguedà > Berga (Todos los tipos) [Obras paradas] ...
[2026-08-05 21:28:57]   -> 0 anuncios encontrados
[2026-08-05 21:28:57] Consultando: Berguedà > Berga (Todos los tipos) [Edificios] ...
[2026-08-05 21:28:57]   -> 0 anuncios encontrados
[2026-08-05 21:28:57] Consultando: Berguedà > Berga (Todos los tipos) [Negocios] ...
[2026-08-05 21:28:58]   -> 0 anuncios encontrados
[2026-08-05 21:28:58] Consultando: Berguedà > Berga (Todos los tipos) [Otros] ...
[2026-08-05 21:28:58]   -> 0 anuncios encontrados
[2026-08-05 21:28:58] Consultando: Berguedà > Gironella (Todos los tipos) [Viviendas] ...
[2026-08-05 21:28:59]   -> 2 anuncios encontrados
[2026-08-05 21:28:59] Consultando: Berguedà > Gironella (Todos los tipos) [Garajes] ...
[2026-08-05 21:28:59]   -> 0 anuncios encontrados
[2026-08-05 21:28:59] Consultando: Berguedà > Gironella (Todos los tipos) [Trasteros] ...
[2026-08-05 21:29:00]   -> 0 anuncios encontrados
[2026-08-05 21:29:00] Consultando: Berguedà > Gironella (Todos los tipos) [Locales] ...
[2026-08-05 21:29:00]   -> 0 anuncios encontrados
[2026-08-05 21:29:00] Consultando: Berguedà > Gironella (Todos los tipos) [Naves] ...
[2026-08-05 21:29:01]   -> 0 anuncios encontrados
[2026-08-05 21:29:01] Consultando: Berguedà > Gironella (Todos los tipos) [Oficinas] ...
[2026-08-05 21:29:01]   -> 0 anuncios encontrados
[2026-08-05 21:29:01] Consultando: Berguedà > Gironella (Todos los tipos) [Terrenos] ...
[2026-08-05 21:29:02]   -> 0 anuncios encontrados
[2026-08-05 21:29:02] Consultando: Berguedà > Gironella (Todos los tipos) [Obras paradas] ...
[2026-08-05 21:29:02]   -> 0 anuncios encontrados
[2026-08-05 21:29:02] Consultando: Berguedà > Gironella (Todos los tipos) [Edificios] ...
[2026-08-05 21:29:03]   -> 0 anuncios encontrados
[2026-08-05 21:29:03] Consultando: Berguedà > Gironella (Todos los tipos) [Negocios] ...
[2026-08-05 21:29:03]   -> 0 anuncios encontrados
[2026-08-05 21:29:03] Consultando: Berguedà > Gironella (Todos los tipos) [Otros] ...
[2026-08-05 21:29:04]   -> 0 anuncios encontrados
[2026-08-05 21:29:04] Consultando: Berguedà > Guardiola de Berguedà (Todos los tipos) [Viviendas] ...
[2026-08-05 21:29:04]   -> 0 anuncios encontrados
[2026-08-05 21:29:04] Consultando: Berguedà > Guardiola de Berguedà (Todos los tipos) [Garajes] ...
[2026-08-05 21:29:05]   -> 0 anuncios encontrados
[2026-08-05 21:29:05] Consultando: Berguedà > Guardiola de Berguedà (Todos los tipos) [Trasteros] ...
[2026-08-05 21:29:05]   -> 0 anuncios encontrados
[2026-08-05 21:29:05] Consultando: Berguedà > Guardiola de Berguedà (Todos los tipos) [Locales] ...
[2026-08-05 21:29:06]   -> 0 anuncios encontrados
[2026-08-05 21:29:06] Consultando: Berguedà > Guardiola de Berguedà (Todos los tipos) [Naves] ...
[2026-08-05 21:29:06]   -> 0 anuncios encontrados
[2026-08-05 21:29:06] Consultando: Berguedà > Guardiola de Berguedà (Todos los tipos) [Oficinas] ...
[2026-08-05 21:29:06]   -> 0 anuncios encontrados
[2026-08-05 21:29:06] Consultando: Berguedà > Guardiola de Berguedà (Todos los tipos) [Terrenos] ...
[2026-08-05 21:29:07]   -> 0 anuncios encontrados
[2026-08-05 21:29:07] Consultando: Berguedà > Guardiola de Berguedà (Todos los tipos) [Obras paradas] ...
[2026-08-05 21:29:07]   -> 0 anuncios encontrados
[2026-08-05 21:29:07] Consultando: Berguedà > Guardiola de Berguedà (Todos los tipos) [Edificios] ...
[2026-08-05 21:29:08]   -> 0 anuncios encontrados
[2026-08-05 21:29:08] Consultando: Berguedà > Guardiola de Berguedà (Todos los tipos) [Negocios] ...
[2026-08-05 21:29:08]   -> 0 anuncios encontrados
[2026-08-05 21:29:08] Consultando: Berguedà > Guardiola de Berguedà (Todos los tipos) [Otros] ...
[2026-08-05 21:29:09]   -> 0 anuncios encontrados
[2026-08-05 21:29:09] Consultando: Baix Llobregat > Sant Vicenç dels Horts (Todos los tipos) [Viviendas] ...
[2026-08-05 21:29:10]   -> 7 anuncios encontrados
[2026-08-05 21:29:10] Consultando: Baix Llobregat > Sant Vicenç dels Horts (Todos los tipos) [Garajes] ...
[2026-08-05 21:29:10]   -> 8 anuncios encontrados
[2026-08-05 21:29:10] Consultando: Baix Llobregat > Sant Vicenç dels Horts (Todos los tipos) [Trasteros] ...
[2026-08-05 21:29:11]   -> 0 anuncios encontrados
[2026-08-05 21:29:11] Consultando: Baix Llobregat > Sant Vicenç dels Horts (Todos los tipos) [Locales] ...
[2026-08-05 21:29:11]   -> 0 anuncios encontrados
[2026-08-05 21:29:11] Consultando: Baix Llobregat > Sant Vicenç dels Horts (Todos los tipos) [Naves] ...
[2026-08-05 21:29:12]   -> 0 anuncios encontrados
[2026-08-05 21:29:12] Consultando: Baix Llobregat > Sant Vicenç dels Horts (Todos los tipos) [Oficinas] ...
[2026-08-05 21:29:13]   -> 1 anuncios encontrados
[2026-08-05 21:29:13] Consultando: Baix Llobregat > Sant Vicenç dels Horts (Todos los tipos) [Terrenos] ...
[2026-08-05 21:29:13]   -> 0 anuncios encontrados
[2026-08-05 21:29:13] Consultando: Baix Llobregat > Sant Vicenç dels Horts (Todos los tipos) [Obras paradas] ...
[2026-08-05 21:29:14]   -> 0 anuncios encontrados
[2026-08-05 21:29:14] Consultando: Baix Llobregat > Sant Vicenç dels Horts (Todos los tipos) [Edificios] ...
[2026-08-05 21:29:14]   -> 0 anuncios encontrados
[2026-08-05 21:29:14] Consultando: Baix Llobregat > Sant Vicenç dels Horts (Todos los tipos) [Negocios] ...
[2026-08-05 21:29:14]   -> 0 anuncios encontrados
[2026-08-05 21:29:14] Consultando: Baix Llobregat > Sant Vicenç dels Horts (Todos los tipos) [Otros] ...
[2026-08-05 21:29:15]   -> 0 anuncios encontrados
[2026-08-05 21:29:15] Consultando: Baix Llobregat > Cervelló (Todos los tipos) [Viviendas] ...
[2026-08-05 21:29:16]   -> 1 anuncios encontrados
[2026-08-05 21:29:16] Consultando: Baix Llobregat > Cervelló (Todos los tipos) [Garajes] ...
[2026-08-05 21:29:16]   -> 0 anuncios encontrados
[2026-08-05 21:29:16] Consultando: Baix Llobregat > Cervelló (Todos los tipos) [Trasteros] ...
[2026-08-05 21:29:17]   -> 0 anuncios encontrados
[2026-08-05 21:29:17] Consultando: Baix Llobregat > Cervelló (Todos los tipos) [Locales] ...
[2026-08-05 21:29:17]   -> 0 anuncios encontrados
[2026-08-05 21:29:17] Consultando: Baix Llobregat > Cervelló (Todos los tipos) [Naves] ...
[2026-08-05 21:29:18]   -> 0 anuncios encontrados
[2026-08-05 21:29:18] Consultando: Baix Llobregat > Cervelló (Todos los tipos) [Oficinas] ...
[2026-08-05 21:29:18]   -> 0 anuncios encontrados
[2026-08-05 21:29:18] Consultando: Baix Llobregat > Cervelló (Todos los tipos) [Terrenos] ...
[2026-08-05 21:29:19]   -> 2 anuncios encontrados
[2026-08-05 21:29:19] Consultando: Baix Llobregat > Cervelló (Todos los tipos) [Obras paradas] ...
[2026-08-05 21:29:19]   -> 0 anuncios encontrados
[2026-08-05 21:29:19] Consultando: Baix Llobregat > Cervelló (Todos los tipos) [Edificios] ...
[2026-08-05 21:29:20]   -> 0 anuncios encontrados
[2026-08-05 21:29:20] Consultando: Baix Llobregat > Cervelló (Todos los tipos) [Negocios] ...
[2026-08-05 21:29:20]   -> 0 anuncios encontrados
[2026-08-05 21:29:20] Consultando: Baix Llobregat > Cervelló (Todos los tipos) [Otros] ...
[2026-08-05 21:29:21]   -> 0 anuncios encontrados
[2026-08-05 21:29:21] Consultando: Baix Llobregat > Collbató (Todos los tipos) [Viviendas] ...
[2026-08-05 21:29:21]   -> 2 anuncios encontrados
[2026-08-05 21:29:22] Consultando: Baix Llobregat > Collbató (Todos los tipos) [Garajes] ...
[2026-08-05 21:29:22]   -> 0 anuncios encontrados
[2026-08-05 21:29:22] Consultando: Baix Llobregat > Collbató (Todos los tipos) [Trasteros] ...
[2026-08-05 21:29:22]   -> 0 anuncios encontrados
[2026-08-05 21:29:22] Consultando: Baix Llobregat > Collbató (Todos los tipos) [Locales] ...
[2026-08-05 21:29:23]   -> 0 anuncios encontrados
[2026-08-05 21:29:23] Consultando: Baix Llobregat > Collbató (Todos los tipos) [Naves] ...
[2026-08-05 21:29:23]   -> 0 anuncios encontrados
[2026-08-05 21:29:23] Consultando: Baix Llobregat > Collbató (Todos los tipos) [Oficinas] ...
[2026-08-05 21:29:24]   -> 0 anuncios encontrados
[2026-08-05 21:29:24] Consultando: Baix Llobregat > Collbató (Todos los tipos) [Terrenos] ...
[2026-08-05 21:29:25]   -> 1 anuncios encontrados
[2026-08-05 21:29:25] Consultando: Baix Llobregat > Collbató (Todos los tipos) [Obras paradas] ...
[2026-08-05 21:29:25]   -> 0 anuncios encontrados
[2026-08-05 21:29:25] Consultando: Baix Llobregat > Collbató (Todos los tipos) [Edificios] ...
[2026-08-05 21:29:26]   -> 0 anuncios encontrados
[2026-08-05 21:29:26] Consultando: Baix Llobregat > Collbató (Todos los tipos) [Negocios] ...
[2026-08-05 21:29:26]   -> 0 anuncios encontrados
[2026-08-05 21:29:26] Consultando: Baix Llobregat > Collbató (Todos los tipos) [Otros] ...
[2026-08-05 21:29:26]   -> 0 anuncios encontrados
[2026-08-05 21:29:26] Consultando: Baix Llobregat > Esparreguera (Todos los tipos) [Viviendas] ...
[2026-08-05 21:29:27]   -> 3 anuncios encontrados
[2026-08-05 21:29:27] Consultando: Baix Llobregat > Esparreguera (Todos los tipos) [Garajes] ...
[2026-08-05 21:29:28]   -> 0 anuncios encontrados
[2026-08-05 21:29:28] Consultando: Baix Llobregat > Esparreguera (Todos los tipos) [Trasteros] ...
[2026-08-05 21:29:28]   -> 0 anuncios encontrados
[2026-08-05 21:29:28] Consultando: Baix Llobregat > Esparreguera (Todos los tipos) [Locales] ...
[2026-08-05 21:29:29]   -> 1 anuncios encontrados
[2026-08-05 21:29:29] Consultando: Baix Llobregat > Esparreguera (Todos los tipos) [Naves] ...
[2026-08-05 21:29:29]   -> 0 anuncios encontrados
[2026-08-05 21:29:29] Consultando: Baix Llobregat > Esparreguera (Todos los tipos) [Oficinas] ...
[2026-08-05 21:29:30]   -> 0 anuncios encontrados
[2026-08-05 21:29:30] Consultando: Baix Llobregat > Esparreguera (Todos los tipos) [Terrenos] ...
[2026-08-05 21:29:31]   -> 1 anuncios encontrados
[2026-08-05 21:29:31] Consultando: Baix Llobregat > Esparreguera (Todos los tipos) [Obras paradas] ...
[2026-08-05 21:29:31]   -> 1 anuncios encontrados
[2026-08-05 21:29:31] Consultando: Baix Llobregat > Esparreguera (Todos los tipos) [Edificios] ...
[2026-08-05 21:29:32]   -> 0 anuncios encontrados
[2026-08-05 21:29:32] Consultando: Baix Llobregat > Esparreguera (Todos los tipos) [Negocios] ...
[2026-08-05 21:29:32]   -> 0 anuncios encontrados
[2026-08-05 21:29:32] Consultando: Baix Llobregat > Esparreguera (Todos los tipos) [Otros] ...
[2026-08-05 21:29:33]   -> 0 anuncios encontrados
[2026-08-05 21:29:33] Consultando: Baix Llobregat > Martorell (Todos los tipos) [Viviendas] ...
[2026-08-05 21:29:34]   -> 1 anuncios encontrados
[2026-08-05 21:29:34] Consultando: Baix Llobregat > Martorell (Todos los tipos) [Garajes] ...
[2026-08-05 21:29:34]   -> 0 anuncios encontrados
[2026-08-05 21:29:34] Consultando: Baix Llobregat > Martorell (Todos los tipos) [Trasteros] ...
[2026-08-05 21:29:35]   -> 0 anuncios encontrados
[2026-08-05 21:29:35] Consultando: Baix Llobregat > Martorell (Todos los tipos) [Locales] ...
[2026-08-05 21:29:36]   -> 2 anuncios encontrados
[2026-08-05 21:29:36] Consultando: Baix Llobregat > Martorell (Todos los tipos) [Naves] ...
[2026-08-05 21:29:36]   -> 0 anuncios encontrados
[2026-08-05 21:29:36] Consultando: Baix Llobregat > Martorell (Todos los tipos) [Oficinas] ...
[2026-08-05 21:29:36]   -> 0 anuncios encontrados
[2026-08-05 21:29:36] Consultando: Baix Llobregat > Martorell (Todos los tipos) [Terrenos] ...
[2026-08-05 21:29:37]   -> 0 anuncios encontrados
[2026-08-05 21:29:37] Consultando: Baix Llobregat > Martorell (Todos los tipos) [Obras paradas] ...
[2026-08-05 21:29:37]   -> 0 anuncios encontrados
[2026-08-05 21:29:37] Consultando: Baix Llobregat > Martorell (Todos los tipos) [Edificios] ...
[2026-08-05 21:29:38]   -> 0 anuncios encontrados
[2026-08-05 21:29:38] Consultando: Baix Llobregat > Martorell (Todos los tipos) [Negocios] ...
[2026-08-05 21:29:38]   -> 0 anuncios encontrados
[2026-08-05 21:29:38] Consultando: Baix Llobregat > Martorell (Todos los tipos) [Otros] ...
[2026-08-05 21:29:39]   -> 0 anuncios encontrados
[2026-08-05 21:29:39] Consultando: Baix Llobregat > Molins de Rei (Todos los tipos) [Viviendas] ...
[2026-08-05 21:29:40]   -> 2 anuncios encontrados
[2026-08-05 21:29:40] Consultando: Baix Llobregat > Molins de Rei (Todos los tipos) [Garajes] ...
[2026-08-05 21:29:40]   -> 0 anuncios encontrados
[2026-08-05 21:29:40] Consultando: Baix Llobregat > Molins de Rei (Todos los tipos) [Trasteros] ...
[2026-08-05 21:29:40]   -> 0 anuncios encontrados
[2026-08-05 21:29:40] Consultando: Baix Llobregat > Molins de Rei (Todos los tipos) [Locales] ...
[2026-08-05 21:29:41]   -> 0 anuncios encontrados
[2026-08-05 21:29:41] Consultando: Baix Llobregat > Molins de Rei (Todos los tipos) [Naves] ...
[2026-08-05 21:29:41]   -> 0 anuncios encontrados
[2026-08-05 21:29:41] Consultando: Baix Llobregat > Molins de Rei (Todos los tipos) [Oficinas] ...
[2026-08-05 21:29:42]   -> 1 anuncios encontrados
[2026-08-05 21:29:42] Consultando: Baix Llobregat > Molins de Rei (Todos los tipos) [Terrenos] ...
[2026-08-05 21:29:43]   -> 0 anuncios encontrados
[2026-08-05 21:29:43] Consultando: Baix Llobregat > Molins de Rei (Todos los tipos) [Obras paradas] ...
[2026-08-05 21:29:43]   -> 0 anuncios encontrados
[2026-08-05 21:29:43] Consultando: Baix Llobregat > Molins de Rei (Todos los tipos) [Edificios] ...
[2026-08-05 21:29:44]   -> 0 anuncios encontrados
[2026-08-05 21:29:44] Consultando: Baix Llobregat > Molins de Rei (Todos los tipos) [Negocios] ...
[2026-08-05 21:29:44]   -> 0 anuncios encontrados
[2026-08-05 21:29:44] Consultando: Baix Llobregat > Molins de Rei (Todos los tipos) [Otros] ...
[2026-08-05 21:29:44]   -> 0 anuncios encontrados
[2026-08-05 21:29:44] Consultando: Baix Llobregat > Olesa de Montserrat (Todos los tipos) [Viviendas] ...
[2026-08-05 21:29:45]   -> 6 anuncios encontrados
[2026-08-05 21:29:45] Consultando: Baix Llobregat > Olesa de Montserrat (Todos los tipos) [Garajes] ...
[2026-08-05 21:29:46]   -> 0 anuncios encontrados
[2026-08-05 21:29:46] Consultando: Baix Llobregat > Olesa de Montserrat (Todos los tipos) [Trasteros] ...
[2026-08-05 21:29:46]   -> 0 anuncios encontrados
[2026-08-05 21:29:46] Consultando: Baix Llobregat > Olesa de Montserrat (Todos los tipos) [Locales] ...
[2026-08-05 21:29:47]   -> 0 anuncios encontrados
[2026-08-05 21:29:47] Consultando: Baix Llobregat > Olesa de Montserrat (Todos los tipos) [Naves] ...
[2026-08-05 21:29:47]   -> 0 anuncios encontrados
[2026-08-05 21:29:47] Consultando: Baix Llobregat > Olesa de Montserrat (Todos los tipos) [Oficinas] ...
[2026-08-05 21:29:48]   -> 0 anuncios encontrados
[2026-08-05 21:29:48] Consultando: Baix Llobregat > Olesa de Montserrat (Todos los tipos) [Terrenos] ...
[2026-08-05 21:29:48]   -> 0 anuncios encontrados
[2026-08-05 21:29:48] Consultando: Baix Llobregat > Olesa de Montserrat (Todos los tipos) [Obras paradas] ...
[2026-08-05 21:29:49]   -> 0 anuncios encontrados
[2026-08-05 21:29:49] Consultando: Baix Llobregat > Olesa de Montserrat (Todos los tipos) [Edificios] ...
[2026-08-05 21:29:49]   -> 0 anuncios encontrados
[2026-08-05 21:29:49] Consultando: Baix Llobregat > Olesa de Montserrat (Todos los tipos) [Negocios] ...
[2026-08-05 21:29:49]   -> 0 anuncios encontrados
[2026-08-05 21:29:49] Consultando: Baix Llobregat > Olesa de Montserrat (Todos los tipos) [Otros] ...
[2026-08-05 21:29:50]   -> 0 anuncios encontrados
[2026-08-05 21:29:50] Consultando: Baix Llobregat > Sant Andreu de la Barca (Todos los tipos) [Viviendas] ...
[2026-08-05 21:29:51]   -> 4 anuncios encontrados
[2026-08-05 21:29:51] Consultando: Baix Llobregat > Sant Andreu de la Barca (Todos los tipos) [Garajes] ...
[2026-08-05 21:29:51]   -> 0 anuncios encontrados
[2026-08-05 21:29:51] Consultando: Baix Llobregat > Sant Andreu de la Barca (Todos los tipos) [Trasteros] ...
[2026-08-05 21:29:52]   -> 0 anuncios encontrados
[2026-08-05 21:29:52] Consultando: Baix Llobregat > Sant Andreu de la Barca (Todos los tipos) [Locales] ...
[2026-08-05 21:29:52]   -> 0 anuncios encontrados
[2026-08-05 21:29:52] Consultando: Baix Llobregat > Sant Andreu de la Barca (Todos los tipos) [Naves] ...
[2026-08-05 21:29:53]   -> 0 anuncios encontrados
[2026-08-05 21:29:53] Consultando: Baix Llobregat > Sant Andreu de la Barca (Todos los tipos) [Oficinas] ...
[2026-08-05 21:29:53]   -> 0 anuncios encontrados
[2026-08-05 21:29:53] Consultando: Baix Llobregat > Sant Andreu de la Barca (Todos los tipos) [Terrenos] ...
[2026-08-05 21:29:54]   -> 0 anuncios encontrados
[2026-08-05 21:29:54] Consultando: Baix Llobregat > Sant Andreu de la Barca (Todos los tipos) [Obras paradas] ...
[2026-08-05 21:29:54]   -> 0 anuncios encontrados
[2026-08-05 21:29:54] Consultando: Baix Llobregat > Sant Andreu de la Barca (Todos los tipos) [Edificios] ...
[2026-08-05 21:29:54]   -> 0 anuncios encontrados
[2026-08-05 21:29:54] Consultando: Baix Llobregat > Sant Andreu de la Barca (Todos los tipos) [Negocios] ...
[2026-08-05 21:29:55]   -> 0 anuncios encontrados
[2026-08-05 21:29:55] Consultando: Baix Llobregat > Sant Andreu de la Barca (Todos los tipos) [Otros] ...
[2026-08-05 21:29:55]   -> 0 anuncios encontrados
[2026-08-05 21:29:55] Consultando: Baix Llobregat > Vallirana (Todos los tipos) [Viviendas] ...
[2026-08-05 21:29:56]   -> 3 anuncios encontrados
[2026-08-05 21:29:56] Consultando: Baix Llobregat > Vallirana (Todos los tipos) [Garajes] ...
[2026-08-05 21:29:57]   -> 0 anuncios encontrados
[2026-08-05 21:29:57] Consultando: Baix Llobregat > Vallirana (Todos los tipos) [Trasteros] ...
[2026-08-05 21:29:57]   -> 0 anuncios encontrados
[2026-08-05 21:29:57] Consultando: Baix Llobregat > Vallirana (Todos los tipos) [Locales] ...
[2026-08-05 21:29:58]   -> 0 anuncios encontrados
[2026-08-05 21:29:58] Consultando: Baix Llobregat > Vallirana (Todos los tipos) [Naves] ...
[2026-08-05 21:29:58]   -> 0 anuncios encontrados
[2026-08-05 21:29:58] Consultando: Baix Llobregat > Vallirana (Todos los tipos) [Oficinas] ...
[2026-08-05 21:29:58]   -> 0 anuncios encontrados
[2026-08-05 21:29:58] Consultando: Baix Llobregat > Vallirana (Todos los tipos) [Terrenos] ...
[2026-08-05 21:29:59]   -> 3 anuncios encontrados
[2026-08-05 21:29:59] Consultando: Baix Llobregat > Vallirana (Todos los tipos) [Obras paradas] ...
[2026-08-05 21:30:00]   -> 0 anuncios encontrados
[2026-08-05 21:30:00] Consultando: Baix Llobregat > Vallirana (Todos los tipos) [Edificios] ...
[2026-08-05 21:30:00]   -> 0 anuncios encontrados
[2026-08-05 21:30:00] Consultando: Baix Llobregat > Vallirana (Todos los tipos) [Negocios] ...
[2026-08-05 21:30:01]   -> 0 anuncios encontrados
[2026-08-05 21:30:01] Consultando: Baix Llobregat > Vallirana (Todos los tipos) [Otros] ...
[2026-08-05 21:30:01]   -> 0 anuncios encontrados
[2026-08-05 21:30:01] Consultando: Cataluña > Barcelona > Barcelona (Todos los tipos) [Viviendas] ...
[2026-08-05 21:30:15]   -> 188 anuncios encontrados
[2026-08-05 21:30:15] Consultando: Cataluña > Barcelona > Barcelona (Todos los tipos) [Garajes] ...
[2026-08-05 21:30:15]   -> 10 anuncios encontrados
[2026-08-05 21:30:15] Consultando: Cataluña > Barcelona > Barcelona (Todos los tipos) [Trasteros] ...
[2026-08-05 21:30:16]   -> 0 anuncios encontrados
[2026-08-05 21:30:16] Consultando: Cataluña > Barcelona > Barcelona (Todos los tipos) [Locales] ...
[2026-08-05 21:30:17]   -> 6 anuncios encontrados
[2026-08-05 21:30:17] Consultando: Cataluña > Barcelona > Barcelona (Todos los tipos) [Naves] ...
[2026-08-05 21:30:17]   -> 0 anuncios encontrados
[2026-08-05 21:30:17] Consultando: Cataluña > Barcelona > Barcelona (Todos los tipos) [Oficinas] ...
[2026-08-05 21:30:18]   -> 1 anuncios encontrados
[2026-08-05 21:30:18] Consultando: Cataluña > Barcelona > Barcelona (Todos los tipos) [Terrenos] ...
[2026-08-05 21:30:19]   -> 6 anuncios encontrados
[2026-08-05 21:30:19] Consultando: Cataluña > Barcelona > Barcelona (Todos los tipos) [Obras paradas] ...
[2026-08-05 21:30:19]   -> 0 anuncios encontrados
[2026-08-05 21:30:19] Consultando: Cataluña > Barcelona > Barcelona (Todos los tipos) [Edificios] ...
[2026-08-05 21:30:20]   -> 0 anuncios encontrados
[2026-08-05 21:30:20] Consultando: Cataluña > Barcelona > Barcelona (Todos los tipos) [Negocios] ...
[2026-08-05 21:30:20]   -> 0 anuncios encontrados
[2026-08-05 21:30:20] Consultando: Cataluña > Barcelona > Barcelona (Todos los tipos) [Otros] ...
[2026-08-05 21:30:21]   -> 3 anuncios encontrados
[2026-08-05 21:30:21] Consultando: Bages > Manresa (Todos los tipos) [Viviendas] ...
[2026-08-05 21:30:22]   -> 9 anuncios encontrados
[2026-08-05 21:30:22] Consultando: Bages > Manresa (Todos los tipos) [Garajes] ...
[2026-08-05 21:30:22]   -> 1 anuncios encontrados
[2026-08-05 21:30:22] Consultando: Bages > Manresa (Todos los tipos) [Trasteros] ...
[2026-08-05 21:30:23]   -> 0 anuncios encontrados
[2026-08-05 21:30:23] Consultando: Bages > Manresa (Todos los tipos) [Locales] ...
[2026-08-05 21:30:24]   -> 3 anuncios encontrados
[2026-08-05 21:30:24] Consultando: Bages > Manresa (Todos los tipos) [Naves] ...
[2026-08-05 21:30:24]   -> 0 anuncios encontrados
[2026-08-05 21:30:24] Consultando: Bages > Manresa (Todos los tipos) [Oficinas] ...
[2026-08-05 21:30:25]   -> 0 anuncios encontrados
[2026-08-05 21:30:25] Consultando: Bages > Manresa (Todos los tipos) [Terrenos] ...
[2026-08-05 21:30:25]   -> 3 anuncios encontrados
[2026-08-05 21:30:25] Consultando: Bages > Manresa (Todos los tipos) [Obras paradas] ...
[2026-08-05 21:30:26]   -> 1 anuncios encontrados
[2026-08-05 21:30:26] Consultando: Bages > Manresa (Todos los tipos) [Edificios] ...
[2026-08-05 21:30:27]   -> 0 anuncios encontrados
[2026-08-05 21:30:27] Consultando: Bages > Manresa (Todos los tipos) [Negocios] ...
[2026-08-05 21:30:27]   -> 0 anuncios encontrados
[2026-08-05 21:30:27] Consultando: Bages > Manresa (Todos los tipos) [Otros] ...
[2026-08-05 21:30:28]   -> 1 anuncios encontrados
[2026-08-05 21:30:28] Consultando: Bages > Balsareny (Todos los tipos) [Viviendas] ...
[2026-08-05 21:30:29]   -> 1 anuncios encontrados
[2026-08-05 21:30:29] Consultando: Bages > Balsareny (Todos los tipos) [Garajes] ...
[2026-08-05 21:30:29]   -> 0 anuncios encontrados
[2026-08-05 21:30:29] Consultando: Bages > Balsareny (Todos los tipos) [Trasteros] ...
[2026-08-05 21:30:30]   -> 0 anuncios encontrados
[2026-08-05 21:30:30] Consultando: Bages > Balsareny (Todos los tipos) [Locales] ...
[2026-08-05 21:30:30]   -> 0 anuncios encontrados
[2026-08-05 21:30:30] Consultando: Bages > Balsareny (Todos los tipos) [Naves] ...
[2026-08-05 21:30:31]   -> 0 anuncios encontrados
[2026-08-05 21:30:31] Consultando: Bages > Balsareny (Todos los tipos) [Oficinas] ...
[2026-08-05 21:30:31]   -> 0 anuncios encontrados
[2026-08-05 21:30:31] Consultando: Bages > Balsareny (Todos los tipos) [Terrenos] ...
[2026-08-05 21:30:32]   -> 1 anuncios encontrados
[2026-08-05 21:30:32] Consultando: Bages > Balsareny (Todos los tipos) [Obras paradas] ...
[2026-08-05 21:30:32]   -> 0 anuncios encontrados
[2026-08-05 21:30:32] Consultando: Bages > Balsareny (Todos los tipos) [Edificios] ...
[2026-08-05 21:30:33]   -> 0 anuncios encontrados
[2026-08-05 21:30:33] Consultando: Bages > Balsareny (Todos los tipos) [Negocios] ...
[2026-08-05 21:30:33]   -> 0 anuncios encontrados
[2026-08-05 21:30:33] Consultando: Bages > Balsareny (Todos los tipos) [Otros] ...
[2026-08-05 21:30:34]   -> 0 anuncios encontrados
[2026-08-05 21:30:34] Consultando: Bages > Cardona (Todos los tipos) [Viviendas] ...
[2026-08-05 21:30:34]   -> 1 anuncios encontrados
[2026-08-05 21:30:34] Consultando: Bages > Cardona (Todos los tipos) [Garajes] ...
[2026-08-05 21:30:35]   -> 0 anuncios encontrados
[2026-08-05 21:30:35] Consultando: Bages > Cardona (Todos los tipos) [Trasteros] ...
[2026-08-05 21:30:35]   -> 0 anuncios encontrados
[2026-08-05 21:30:35] Consultando: Bages > Cardona (Todos los tipos) [Locales] ...
[2026-08-05 21:30:36]   -> 0 anuncios encontrados
[2026-08-05 21:30:36] Consultando: Bages > Cardona (Todos los tipos) [Naves] ...
[2026-08-05 21:30:36]   -> 0 anuncios encontrados
[2026-08-05 21:30:36] Consultando: Bages > Cardona (Todos los tipos) [Oficinas] ...
[2026-08-05 21:30:37]   -> 0 anuncios encontrados
[2026-08-05 21:30:37] Consultando: Bages > Cardona (Todos los tipos) [Terrenos] ...
[2026-08-05 21:30:37]   -> 0 anuncios encontrados
[2026-08-05 21:30:37] Consultando: Bages > Cardona (Todos los tipos) [Obras paradas] ...
[2026-08-05 21:30:38]   -> 0 anuncios encontrados
[2026-08-05 21:30:38] Consultando: Bages > Cardona (Todos los tipos) [Edificios] ...
[2026-08-05 21:30:38]   -> 0 anuncios encontrados
[2026-08-05 21:30:38] Consultando: Bages > Cardona (Todos los tipos) [Negocios] ...
[2026-08-05 21:30:39]   -> 0 anuncios encontrados
[2026-08-05 21:30:39] Consultando: Bages > Cardona (Todos los tipos) [Otros] ...
[2026-08-05 21:30:39]   -> 1 anuncios encontrados
[2026-08-05 21:30:39] Consultando: Bages > Fonollosa (Todos los tipos) [Viviendas] ...
[2026-08-05 21:30:40]   -> 2 anuncios encontrados
[2026-08-05 21:30:40] Consultando: Bages > Fonollosa (Todos los tipos) [Garajes] ...
[2026-08-05 21:30:41]   -> 0 anuncios encontrados
[2026-08-05 21:30:41] Consultando: Bages > Fonollosa (Todos los tipos) [Trasteros] ...
[2026-08-05 21:30:41]   -> 0 anuncios encontrados
[2026-08-05 21:30:41] Consultando: Bages > Fonollosa (Todos los tipos) [Locales] ...
[2026-08-05 21:30:42]   -> 0 anuncios encontrados
[2026-08-05 21:30:42] Consultando: Bages > Fonollosa (Todos los tipos) [Naves] ...
[2026-08-05 21:30:42]   -> 0 anuncios encontrados
[2026-08-05 21:30:42] Consultando: Bages > Fonollosa (Todos los tipos) [Oficinas] ...
[2026-08-05 21:30:42]   -> 0 anuncios encontrados
[2026-08-05 21:30:42] Consultando: Bages > Fonollosa (Todos los tipos) [Terrenos] ...
[2026-08-05 21:30:43]   -> 0 anuncios encontrados
[2026-08-05 21:30:43] Consultando: Bages > Fonollosa (Todos los tipos) [Obras paradas] ...
[2026-08-05 21:30:43]   -> 0 anuncios encontrados
[2026-08-05 21:30:43] Consultando: Bages > Fonollosa (Todos los tipos) [Edificios] ...
[2026-08-05 21:30:44]   -> 0 anuncios encontrados
[2026-08-05 21:30:44] Consultando: Bages > Fonollosa (Todos los tipos) [Negocios] ...
[2026-08-05 21:30:44]   -> 0 anuncios encontrados
[2026-08-05 21:30:44] Consultando: Bages > Fonollosa (Todos los tipos) [Otros] ...
[2026-08-05 21:30:45]   -> 0 anuncios encontrados
[2026-08-05 21:30:45] Consultando: Bages > Sallent (Todos los tipos) [Viviendas] ...
[2026-08-05 21:30:46]   -> 1 anuncios encontrados
[2026-08-05 21:30:46] Consultando: Bages > Sallent (Todos los tipos) [Garajes] ...
[2026-08-05 21:30:46]   -> 0 anuncios encontrados
[2026-08-05 21:30:46] Consultando: Bages > Sallent (Todos los tipos) [Trasteros] ...
[2026-08-05 21:30:46]   -> 0 anuncios encontrados
[2026-08-05 21:30:46] Consultando: Bages > Sallent (Todos los tipos) [Locales] ...
[2026-08-05 21:30:47]   -> 0 anuncios encontrados
[2026-08-05 21:30:47] Consultando: Bages > Sallent (Todos los tipos) [Naves] ...
[2026-08-05 21:30:47]   -> 0 anuncios encontrados
[2026-08-05 21:30:47] Consultando: Bages > Sallent (Todos los tipos) [Oficinas] ...
[2026-08-05 21:30:48]   -> 0 anuncios encontrados
[2026-08-05 21:30:48] Consultando: Bages > Sallent (Todos los tipos) [Terrenos] ...
[2026-08-05 21:30:48]   -> 0 anuncios encontrados
[2026-08-05 21:30:48] Consultando: Bages > Sallent (Todos los tipos) [Obras paradas] ...
[2026-08-05 21:30:49]   -> 0 anuncios encontrados
[2026-08-05 21:30:49] Consultando: Bages > Sallent (Todos los tipos) [Edificios] ...
[2026-08-05 21:30:49]   -> 0 anuncios encontrados
[2026-08-05 21:30:49] Consultando: Bages > Sallent (Todos los tipos) [Negocios] ...
[2026-08-05 21:30:50]   -> 0 anuncios encontrados
[2026-08-05 21:30:50] Consultando: Bages > Sallent (Todos los tipos) [Otros] ...
[2026-08-05 21:30:50]   -> 0 anuncios encontrados
[2026-08-05 21:30:50] Consultando: Bages > Sant Fruitós de Bages (Todos los tipos) [Viviendas] ...
[2026-08-05 21:30:51]   -> 1 anuncios encontrados
[2026-08-05 21:30:51] Consultando: Bages > Sant Fruitós de Bages (Todos los tipos) [Garajes] ...
[2026-08-05 21:30:52]   -> 1 anuncios encontrados
[2026-08-05 21:30:52] Consultando: Bages > Sant Fruitós de Bages (Todos los tipos) [Trasteros] ...
[2026-08-05 21:30:52]   -> 0 anuncios encontrados
[2026-08-05 21:30:52] Consultando: Bages > Sant Fruitós de Bages (Todos los tipos) [Locales] ...
[2026-08-05 21:30:53]   -> 0 anuncios encontrados
[2026-08-05 21:30:53] Consultando: Bages > Sant Fruitós de Bages (Todos los tipos) [Naves] ...
[2026-08-05 21:30:53]   -> 0 anuncios encontrados
[2026-08-05 21:30:53] Consultando: Bages > Sant Fruitós de Bages (Todos los tipos) [Oficinas] ...
[2026-08-05 21:30:54]   -> 0 anuncios encontrados
[2026-08-05 21:30:54] Consultando: Bages > Sant Fruitós de Bages (Todos los tipos) [Terrenos] ...
[2026-08-05 21:30:54]   -> 3 anuncios encontrados
[2026-08-05 21:30:54] Consultando: Bages > Sant Fruitós de Bages (Todos los tipos) [Obras paradas] ...
[2026-08-05 21:30:55]   -> 1 anuncios encontrados
[2026-08-05 21:30:55] Consultando: Bages > Sant Fruitós de Bages (Todos los tipos) [Edificios] ...
[2026-08-05 21:30:56]   -> 0 anuncios encontrados
[2026-08-05 21:30:56] Consultando: Bages > Sant Fruitós de Bages (Todos los tipos) [Negocios] ...
[2026-08-05 21:30:56]   -> 0 anuncios encontrados
[2026-08-05 21:30:56] Consultando: Bages > Sant Fruitós de Bages (Todos los tipos) [Otros] ...
[2026-08-05 21:30:57]   -> 0 anuncios encontrados
[2026-08-05 21:30:57] Consultando: Bages > Sant Joan de Vilatorrada (Todos los tipos) [Viviendas] ...
[2026-08-05 21:30:57]   -> 1 anuncios encontrados
[2026-08-05 21:30:57] Consultando: Bages > Sant Joan de Vilatorrada (Todos los tipos) [Garajes] ...
[2026-08-05 21:30:58]   -> 0 anuncios encontrados
[2026-08-05 21:30:58] Consultando: Bages > Sant Joan de Vilatorrada (Todos los tipos) [Trasteros] ...
[2026-08-05 21:30:58]   -> 0 anuncios encontrados
[2026-08-05 21:30:58] Consultando: Bages > Sant Joan de Vilatorrada (Todos los tipos) [Locales] ...
[2026-08-05 21:30:59]   -> 0 anuncios encontrados
[2026-08-05 21:30:59] Consultando: Bages > Sant Joan de Vilatorrada (Todos los tipos) [Naves] ...
[2026-08-05 21:30:59]   -> 0 anuncios encontrados
[2026-08-05 21:30:59] Consultando: Bages > Sant Joan de Vilatorrada (Todos los tipos) [Oficinas] ...
[2026-08-05 21:31:00]   -> 0 anuncios encontrados
[2026-08-05 21:31:00] Consultando: Bages > Sant Joan de Vilatorrada (Todos los tipos) [Terrenos] ...
[2026-08-05 21:31:00]   -> 0 anuncios encontrados
[2026-08-05 21:31:00] Consultando: Bages > Sant Joan de Vilatorrada (Todos los tipos) [Obras paradas] ...
[2026-08-05 21:31:01]   -> 0 anuncios encontrados
[2026-08-05 21:31:01] Consultando: Bages > Sant Joan de Vilatorrada (Todos los tipos) [Edificios] ...
[2026-08-05 21:31:01]   -> 0 anuncios encontrados
[2026-08-05 21:31:01] Consultando: Bages > Sant Joan de Vilatorrada (Todos los tipos) [Negocios] ...
[2026-08-05 21:31:02]   -> 0 anuncios encontrados
[2026-08-05 21:31:02] Consultando: Bages > Sant Joan de Vilatorrada (Todos los tipos) [Otros] ...
[2026-08-05 21:31:02]   -> 0 anuncios encontrados
[2026-08-05 21:31:02] Consultando: Bages > Santpedor (Todos los tipos) [Viviendas] ...
[2026-08-05 21:31:03]   -> 2 anuncios encontrados
[2026-08-05 21:31:03] Consultando: Bages > Santpedor (Todos los tipos) [Garajes] ...
[2026-08-05 21:31:04]   -> 2 anuncios encontrados
[2026-08-05 21:31:04] Consultando: Bages > Santpedor (Todos los tipos) [Trasteros] ...
[2026-08-05 21:31:04]   -> 0 anuncios encontrados
[2026-08-05 21:31:04] Consultando: Bages > Santpedor (Todos los tipos) [Locales] ...
[2026-08-05 21:31:05]   -> 0 anuncios encontrados
[2026-08-05 21:31:05] Consultando: Bages > Santpedor (Todos los tipos) [Naves] ...
[2026-08-05 21:31:05]   -> 0 anuncios encontrados
[2026-08-05 21:31:05] Consultando: Bages > Santpedor (Todos los tipos) [Oficinas] ...
[2026-08-05 21:31:06]   -> 0 anuncios encontrados
[2026-08-05 21:31:06] Consultando: Bages > Santpedor (Todos los tipos) [Terrenos] ...
[2026-08-05 21:31:06]   -> 0 anuncios encontrados
[2026-08-05 21:31:06] Consultando: Bages > Santpedor (Todos los tipos) [Obras paradas] ...
[2026-08-05 21:31:06]   -> 0 anuncios encontrados
[2026-08-05 21:31:06] Consultando: Bages > Santpedor (Todos los tipos) [Edificios] ...
[2026-08-05 21:31:07]   -> 0 anuncios encontrados
[2026-08-05 21:31:07] Consultando: Bages > Santpedor (Todos los tipos) [Negocios] ...
[2026-08-05 21:31:07]   -> 0 anuncios encontrados
[2026-08-05 21:31:07] Consultando: Bages > Santpedor (Todos los tipos) [Otros] ...
[2026-08-05 21:31:08]   -> 0 anuncios encontrados
[2026-08-05 21:31:08] Consultando: Vallès Occidental > Badia del Vallès (Todos los tipos) [Viviendas] ...
[2026-08-05 21:31:09]   -> 3 anuncios encontrados
[2026-08-05 21:31:09] Consultando: Vallès Occidental > Badia del Vallès (Todos los tipos) [Garajes] ...
[2026-08-05 21:31:09]   -> 0 anuncios encontrados
[2026-08-05 21:31:09] Consultando: Vallès Occidental > Badia del Vallès (Todos los tipos) [Trasteros] ...
[2026-08-05 21:31:10]   -> 0 anuncios encontrados
[2026-08-05 21:31:10] Consultando: Vallès Occidental > Badia del Vallès (Todos los tipos) [Locales] ...
[2026-08-05 21:31:10]   -> 0 anuncios encontrados
[2026-08-05 21:31:10] Consultando: Vallès Occidental > Badia del Vallès (Todos los tipos) [Naves] ...
[2026-08-05 21:31:11]   -> 0 anuncios encontrados
[2026-08-05 21:31:11] Consultando: Vallès Occidental > Badia del Vallès (Todos los tipos) [Oficinas] ...
[2026-08-05 21:31:11]   -> 0 anuncios encontrados
[2026-08-05 21:31:11] Consultando: Vallès Occidental > Badia del Vallès (Todos los tipos) [Terrenos] ...
[2026-08-05 21:31:11]   -> 0 anuncios encontrados
[2026-08-05 21:31:11] Consultando: Vallès Occidental > Badia del Vallès (Todos los tipos) [Obras paradas] ...
[2026-08-05 21:31:12]   -> 0 anuncios encontrados
[2026-08-05 21:31:12] Consultando: Vallès Occidental > Badia del Vallès (Todos los tipos) [Edificios] ...
[2026-08-05 21:31:12]   -> 0 anuncios encontrados
[2026-08-05 21:31:12] Consultando: Vallès Occidental > Badia del Vallès (Todos los tipos) [Negocios] ...
[2026-08-05 21:31:13]   -> 0 anuncios encontrados
[2026-08-05 21:31:13] Consultando: Vallès Occidental > Badia del Vallès (Todos los tipos) [Otros] ...
[2026-08-05 21:31:13]   -> 0 anuncios encontrados
[2026-08-05 21:31:13] Consultando: Vallès Occidental > Barberà del Vallès (Todos los tipos) [Viviendas] ...
[2026-08-05 21:31:14]   -> 4 anuncios encontrados
[2026-08-05 21:31:14] Consultando: Vallès Occidental > Barberà del Vallès (Todos los tipos) [Garajes] ...
[2026-08-05 21:31:15]   -> 1 anuncios encontrados
[2026-08-05 21:31:15] Consultando: Vallès Occidental > Barberà del Vallès (Todos los tipos) [Trasteros] ...
[2026-08-05 21:31:16]   -> 0 anuncios encontrados
[2026-08-05 21:31:16] Consultando: Vallès Occidental > Barberà del Vallès (Todos los tipos) [Locales] ...
[2026-08-05 21:31:16]   -> 0 anuncios encontrados
[2026-08-05 21:31:16] Consultando: Vallès Occidental > Barberà del Vallès (Todos los tipos) [Naves] ...
[2026-08-05 21:31:17]   -> 0 anuncios encontrados
[2026-08-05 21:31:17] Consultando: Vallès Occidental > Barberà del Vallès (Todos los tipos) [Oficinas] ...
[2026-08-05 21:31:17]   -> 0 anuncios encontrados
[2026-08-05 21:31:17] Consultando: Vallès Occidental > Barberà del Vallès (Todos los tipos) [Terrenos] ...
[2026-08-05 21:31:18]   -> 1 anuncios encontrados
[2026-08-05 21:31:18] Consultando: Vallès Occidental > Barberà del Vallès (Todos los tipos) [Obras paradas] ...
[2026-08-05 21:31:18]   -> 0 anuncios encontrados
[2026-08-05 21:31:18] Consultando: Vallès Occidental > Barberà del Vallès (Todos los tipos) [Edificios] ...
[2026-08-05 21:31:19]   -> 0 anuncios encontrados
[2026-08-05 21:31:19] Consultando: Vallès Occidental > Barberà del Vallès (Todos los tipos) [Negocios] ...
[2026-08-05 21:31:19]   -> 0 anuncios encontrados
[2026-08-05 21:31:19] Consultando: Vallès Occidental > Barberà del Vallès (Todos los tipos) [Otros] ...
[2026-08-05 21:31:20]   -> 0 anuncios encontrados
[2026-08-05 21:31:20] Consultando: Vallès Occidental > Castellar del Vallès (Todos los tipos) [Viviendas] ...
[2026-08-05 21:31:20]   -> 1 anuncios encontrados
[2026-08-05 21:31:20] Consultando: Vallès Occidental > Castellar del Vallès (Todos los tipos) [Garajes] ...
[2026-08-05 21:31:21]   -> 0 anuncios encontrados
[2026-08-05 21:31:21] Consultando: Vallès Occidental > Castellar del Vallès (Todos los tipos) [Trasteros] ...
[2026-08-05 21:31:21]   -> 0 anuncios encontrados
[2026-08-05 21:31:21] Consultando: Vallès Occidental > Castellar del Vallès (Todos los tipos) [Locales] ...
[2026-08-05 21:31:22]   -> 0 anuncios encontrados
[2026-08-05 21:31:22] Consultando: Vallès Occidental > Castellar del Vallès (Todos los tipos) [Naves] ...
[2026-08-05 21:31:22]   -> 0 anuncios encontrados
[2026-08-05 21:31:22] Consultando: Vallès Occidental > Castellar del Vallès (Todos los tipos) [Oficinas] ...
[2026-08-05 21:31:23]   -> 0 anuncios encontrados
[2026-08-05 21:31:23] Consultando: Vallès Occidental > Castellar del Vallès (Todos los tipos) [Terrenos] ...
[2026-08-05 21:31:24]   -> 2 anuncios encontrados
[2026-08-05 21:31:24] Consultando: Vallès Occidental > Castellar del Vallès (Todos los tipos) [Obras paradas] ...
[2026-08-05 21:31:24]   -> 0 anuncios encontrados
[2026-08-05 21:31:24] Consultando: Vallès Occidental > Castellar del Vallès (Todos los tipos) [Edificios] ...
[2026-08-05 21:31:25]   -> 0 anuncios encontrados
[2026-08-05 21:31:25] Consultando: Vallès Occidental > Castellar del Vallès (Todos los tipos) [Negocios] ...
[2026-08-05 21:31:25]   -> 0 anuncios encontrados
[2026-08-05 21:31:25] Consultando: Vallès Occidental > Castellar del Vallès (Todos los tipos) [Otros] ...
[2026-08-05 21:31:25]   -> 0 anuncios encontrados
[2026-08-05 21:31:25] Consultando: Vallès Occidental > Castellbisbal (Todos los tipos) [Viviendas] ...
[2026-08-05 21:31:26]   -> 2 anuncios encontrados
[2026-08-05 21:31:26] Consultando: Vallès Occidental > Castellbisbal (Todos los tipos) [Garajes] ...
[2026-08-05 21:31:28]   -> 18 anuncios encontrados
[2026-08-05 21:31:28] Consultando: Vallès Occidental > Castellbisbal (Todos los tipos) [Trasteros] ...
[2026-08-05 21:31:28]   -> 0 anuncios encontrados
[2026-08-05 21:31:28] Consultando: Vallès Occidental > Castellbisbal (Todos los tipos) [Locales] ...
[2026-08-05 21:31:29]   -> 0 anuncios encontrados
[2026-08-05 21:31:29] Consultando: Vallès Occidental > Castellbisbal (Todos los tipos) [Naves] ...
[2026-08-05 21:31:29]   -> 0 anuncios encontrados
[2026-08-05 21:31:29] Consultando: Vallès Occidental > Castellbisbal (Todos los tipos) [Oficinas] ...
[2026-08-05 21:31:30]   -> 0 anuncios encontrados
[2026-08-05 21:31:30] Consultando: Vallès Occidental > Castellbisbal (Todos los tipos) [Terrenos] ...
[2026-08-05 21:31:30]   -> 0 anuncios encontrados
[2026-08-05 21:31:30] Consultando: Vallès Occidental > Castellbisbal (Todos los tipos) [Obras paradas] ...
[2026-08-05 21:31:31]   -> 0 anuncios encontrados
[2026-08-05 21:31:31] Consultando: Vallès Occidental > Castellbisbal (Todos los tipos) [Edificios] ...
[2026-08-05 21:31:31]   -> 0 anuncios encontrados
[2026-08-05 21:31:31] Consultando: Vallès Occidental > Castellbisbal (Todos los tipos) [Negocios] ...
[2026-08-05 21:31:32]   -> 0 anuncios encontrados
[2026-08-05 21:31:32] Consultando: Vallès Occidental > Castellbisbal (Todos los tipos) [Otros] ...
[2026-08-05 21:31:32]   -> 0 anuncios encontrados
[2026-08-05 21:31:32] Consultando: Vallès Occidental > Cerdanyola del Vallès (Todos los tipos) [Viviendas] ...
[2026-08-05 21:31:33]   -> 1 anuncios encontrados
[2026-08-05 21:31:33] Consultando: Vallès Occidental > Cerdanyola del Vallès (Todos los tipos) [Garajes] ...
[2026-08-05 21:31:34]   -> 5 anuncios encontrados
[2026-08-05 21:31:34] Consultando: Vallès Occidental > Cerdanyola del Vallès (Todos los tipos) [Trasteros] ...
[2026-08-05 21:31:35]   -> 1 anuncios encontrados
[2026-08-05 21:31:35] Consultando: Vallès Occidental > Cerdanyola del Vallès (Todos los tipos) [Locales] ...
[2026-08-05 21:31:35]   -> 3 anuncios encontrados
[2026-08-05 21:31:35] Consultando: Vallès Occidental > Cerdanyola del Vallès (Todos los tipos) [Naves] ...
[2026-08-05 21:31:36]   -> 0 anuncios encontrados
[2026-08-05 21:31:36] Consultando: Vallès Occidental > Cerdanyola del Vallès (Todos los tipos) [Oficinas] ...
[2026-08-05 21:31:36]   -> 0 anuncios encontrados
[2026-08-05 21:31:36] Consultando: Vallès Occidental > Cerdanyola del Vallès (Todos los tipos) [Terrenos] ...
[2026-08-05 21:31:37]   -> 1 anuncios encontrados
[2026-08-05 21:31:37] Consultando: Vallès Occidental > Cerdanyola del Vallès (Todos los tipos) [Obras paradas] ...
[2026-08-05 21:31:38]   -> 0 anuncios encontrados
[2026-08-05 21:31:38] Consultando: Vallès Occidental > Cerdanyola del Vallès (Todos los tipos) [Edificios] ...
[2026-08-05 21:31:38]   -> 0 anuncios encontrados
[2026-08-05 21:31:38] Consultando: Vallès Occidental > Cerdanyola del Vallès (Todos los tipos) [Negocios] ...
[2026-08-05 21:31:39]   -> 0 anuncios encontrados
[2026-08-05 21:31:39] Consultando: Vallès Occidental > Cerdanyola del Vallès (Todos los tipos) [Otros] ...
[2026-08-05 21:31:39]   -> 0 anuncios encontrados
[2026-08-05 21:31:39] Consultando: Vallès Occidental > Matadepera (Todos los tipos) [Viviendas] ...
[2026-08-05 21:31:40]   -> 1 anuncios encontrados
[2026-08-05 21:31:40] Consultando: Vallès Occidental > Matadepera (Todos los tipos) [Garajes] ...
[2026-08-05 21:31:40]   -> 0 anuncios encontrados
[2026-08-05 21:31:40] Consultando: Vallès Occidental > Matadepera (Todos los tipos) [Trasteros] ...
[2026-08-05 21:31:41]   -> 0 anuncios encontrados
[2026-08-05 21:31:41] Consultando: Vallès Occidental > Matadepera (Todos los tipos) [Locales] ...
[2026-08-05 21:31:41]   -> 0 anuncios encontrados
[2026-08-05 21:31:41] Consultando: Vallès Occidental > Matadepera (Todos los tipos) [Naves] ...
[2026-08-05 21:31:42]   -> 0 anuncios encontrados
[2026-08-05 21:31:42] Consultando: Vallès Occidental > Matadepera (Todos los tipos) [Oficinas] ...
[2026-08-05 21:31:42]   -> 0 anuncios encontrados
[2026-08-05 21:31:42] Consultando: Vallès Occidental > Matadepera (Todos los tipos) [Terrenos] ...
[2026-08-05 21:31:43]   -> 2 anuncios encontrados
[2026-08-05 21:31:43] Consultando: Vallès Occidental > Matadepera (Todos los tipos) [Obras paradas] ...
[2026-08-05 21:31:43]   -> 0 anuncios encontrados
[2026-08-05 21:31:43] Consultando: Vallès Occidental > Matadepera (Todos los tipos) [Edificios] ...
[2026-08-05 21:31:44]   -> 0 anuncios encontrados
[2026-08-05 21:31:44] Consultando: Vallès Occidental > Matadepera (Todos los tipos) [Negocios] ...
[2026-08-05 21:31:44]   -> 0 anuncios encontrados
[2026-08-05 21:31:44] Consultando: Vallès Occidental > Matadepera (Todos los tipos) [Otros] ...
[2026-08-05 21:31:45]   -> 0 anuncios encontrados
[2026-08-05 21:31:45] Consultando: Vallès Occidental > Montcada i Reixac (Todos los tipos) [Viviendas] ...
[2026-08-05 21:31:46]   -> 13 anuncios encontrados
[2026-08-05 21:31:46] Consultando: Vallès Occidental > Montcada i Reixac (Todos los tipos) [Garajes] ...
[2026-08-05 21:31:47]   -> 1 anuncios encontrados
[2026-08-05 21:31:47] Consultando: Vallès Occidental > Montcada i Reixac (Todos los tipos) [Trasteros] ...
[2026-08-05 21:31:48]   -> 0 anuncios encontrados
[2026-08-05 21:31:48] Consultando: Vallès Occidental > Montcada i Reixac (Todos los tipos) [Locales] ...
[2026-08-05 21:31:48]   -> 0 anuncios encontrados
[2026-08-05 21:31:48] Consultando: Vallès Occidental > Montcada i Reixac (Todos los tipos) [Naves] ...
[2026-08-05 21:31:48]   -> 0 anuncios encontrados
[2026-08-05 21:31:48] Consultando: Vallès Occidental > Montcada i Reixac (Todos los tipos) [Oficinas] ...
[2026-08-05 21:31:49]   -> 1 anuncios encontrados
[2026-08-05 21:31:49] Consultando: Vallès Occidental > Montcada i Reixac (Todos los tipos) [Terrenos] ...
[2026-08-05 21:31:50]   -> 1 anuncios encontrados
[2026-08-05 21:31:50] Consultando: Vallès Occidental > Montcada i Reixac (Todos los tipos) [Obras paradas] ...
[2026-08-05 21:31:51]   -> 0 anuncios encontrados
[2026-08-05 21:31:51] Consultando: Vallès Occidental > Montcada i Reixac (Todos los tipos) [Edificios] ...
[2026-08-05 21:31:51]   -> 0 anuncios encontrados
[2026-08-05 21:31:51] Consultando: Vallès Occidental > Montcada i Reixac (Todos los tipos) [Negocios] ...
[2026-08-05 21:31:51]   -> 0 anuncios encontrados
[2026-08-05 21:31:51] Consultando: Vallès Occidental > Montcada i Reixac (Todos los tipos) [Otros] ...
[2026-08-05 21:31:52]   -> 0 anuncios encontrados
[2026-08-05 21:31:52] Consultando: Vallès Occidental > Polinyà (Todos los tipos) [Viviendas] ...
[2026-08-05 21:31:52]   -> 0 anuncios encontrados
[2026-08-05 21:31:52] Consultando: Vallès Occidental > Polinyà (Todos los tipos) [Garajes] ...
[2026-08-05 21:31:53]   -> 0 anuncios encontrados
[2026-08-05 21:31:53] Consultando: Vallès Occidental > Polinyà (Todos los tipos) [Trasteros] ...
[2026-08-05 21:31:53]   -> 0 anuncios encontrados
[2026-08-05 21:31:53] Consultando: Vallès Occidental > Polinyà (Todos los tipos) [Locales] ...
[2026-08-05 21:31:54]   -> 1 anuncios encontrados
[2026-08-05 21:31:54] Consultando: Vallès Occidental > Polinyà (Todos los tipos) [Naves] ...
[2026-08-05 21:31:55]   -> 0 anuncios encontrados
[2026-08-05 21:31:55] Consultando: Vallès Occidental > Polinyà (Todos los tipos) [Oficinas] ...
[2026-08-05 21:31:55]   -> 0 anuncios encontrados
[2026-08-05 21:31:55] Consultando: Vallès Occidental > Polinyà (Todos los tipos) [Terrenos] ...
[2026-08-05 21:31:56]   -> 0 anuncios encontrados
[2026-08-05 21:31:56] Consultando: Vallès Occidental > Polinyà (Todos los tipos) [Obras paradas] ...
[2026-08-05 21:31:56]   -> 0 anuncios encontrados
[2026-08-05 21:31:56] Consultando: Vallès Occidental > Polinyà (Todos los tipos) [Edificios] ...
[2026-08-05 21:31:56]   -> 0 anuncios encontrados
[2026-08-05 21:31:56] Consultando: Vallès Occidental > Polinyà (Todos los tipos) [Negocios] ...
[2026-08-05 21:31:57]   -> 0 anuncios encontrados
[2026-08-05 21:31:57] Consultando: Vallès Occidental > Polinyà (Todos los tipos) [Otros] ...
[2026-08-05 21:31:57]   -> 0 anuncios encontrados
[2026-08-05 21:31:57] Consultando: Vallès Occidental > Ripollet (Todos los tipos) [Viviendas] ...
[2026-08-05 21:31:58]   -> 8 anuncios encontrados
[2026-08-05 21:31:58] Consultando: Vallès Occidental > Ripollet (Todos los tipos) [Garajes] ...
[2026-08-05 21:31:59]   -> 2 anuncios encontrados
[2026-08-05 21:31:59] Consultando: Vallès Occidental > Ripollet (Todos los tipos) [Trasteros] ...
[2026-08-05 21:31:59]   -> 0 anuncios encontrados
[2026-08-05 21:31:59] Consultando: Vallès Occidental > Ripollet (Todos los tipos) [Locales] ...
[2026-08-05 21:32:00]   -> 1 anuncios encontrados
[2026-08-05 21:32:00] Consultando: Vallès Occidental > Ripollet (Todos los tipos) [Naves] ...
[2026-08-05 21:32:01]   -> 1 anuncios encontrados
[2026-08-05 21:32:01] Consultando: Vallès Occidental > Ripollet (Todos los tipos) [Oficinas] ...
[2026-08-05 21:32:02]   -> 0 anuncios encontrados
[2026-08-05 21:32:02] Consultando: Vallès Occidental > Ripollet (Todos los tipos) [Terrenos] ...
[2026-08-05 21:32:02]   -> 1 anuncios encontrados
[2026-08-05 21:32:02] Consultando: Vallès Occidental > Ripollet (Todos los tipos) [Obras paradas] ...
[2026-08-05 21:32:03]   -> 0 anuncios encontrados
[2026-08-05 21:32:03] Consultando: Vallès Occidental > Ripollet (Todos los tipos) [Edificios] ...
[2026-08-05 21:32:03]   -> 0 anuncios encontrados
[2026-08-05 21:32:03] Consultando: Vallès Occidental > Ripollet (Todos los tipos) [Negocios] ...
[2026-08-05 21:32:04]   -> 0 anuncios encontrados
[2026-08-05 21:32:04] Consultando: Vallès Occidental > Ripollet (Todos los tipos) [Otros] ...
[2026-08-05 21:32:04]   -> 0 anuncios encontrados
[2026-08-05 21:32:04] Consultando: Vallès Occidental > Rubí (Todos los tipos) [Viviendas] ...
[2026-08-05 21:32:06]   -> 23 anuncios encontrados
[2026-08-05 21:32:06] Consultando: Vallès Occidental > Rubí (Todos los tipos) [Garajes] ...
[2026-08-05 21:32:08]   -> 15 anuncios encontrados
[2026-08-05 21:32:08] Consultando: Vallès Occidental > Rubí (Todos los tipos) [Trasteros] ...
[2026-08-05 21:32:08]   -> 0 anuncios encontrados
[2026-08-05 21:32:08] Consultando: Vallès Occidental > Rubí (Todos los tipos) [Locales] ...
[2026-08-05 21:32:08]   -> 0 anuncios encontrados
[2026-08-05 21:32:08] Consultando: Vallès Occidental > Rubí (Todos los tipos) [Naves] ...
[2026-08-05 21:32:09]   -> 0 anuncios encontrados
[2026-08-05 21:32:09] Consultando: Vallès Occidental > Rubí (Todos los tipos) [Oficinas] ...
[2026-08-05 21:32:10]   -> 1 anuncios encontrados
[2026-08-05 21:32:10] Consultando: Vallès Occidental > Rubí (Todos los tipos) [Terrenos] ...
[2026-08-05 21:32:11]   -> 2 anuncios encontrados
[2026-08-05 21:32:11] Consultando: Vallès Occidental > Rubí (Todos los tipos) [Obras paradas] ...
[2026-08-05 21:32:11]   -> 0 anuncios encontrados
[2026-08-05 21:32:11] Consultando: Vallès Occidental > Rubí (Todos los tipos) [Edificios] ...
[2026-08-05 21:32:11]   -> 0 anuncios encontrados
[2026-08-05 21:32:11] Consultando: Vallès Occidental > Rubí (Todos los tipos) [Negocios] ...
[2026-08-05 21:32:12]   -> 0 anuncios encontrados
[2026-08-05 21:32:12] Consultando: Vallès Occidental > Rubí (Todos los tipos) [Otros] ...
[2026-08-05 21:32:12]   -> 0 anuncios encontrados
[2026-08-05 21:32:12] Consultando: Vallès Occidental > Sabadell (Todos los tipos) [Viviendas] ...
[2026-08-05 21:32:18]   -> 74 anuncios encontrados
[2026-08-05 21:32:18] Consultando: Vallès Occidental > Sabadell (Todos los tipos) [Garajes] ...
[2026-08-05 21:32:19]   -> 8 anuncios encontrados
[2026-08-05 21:32:19] Consultando: Vallès Occidental > Sabadell (Todos los tipos) [Trasteros] ...
[2026-08-05 21:32:20]   -> 0 anuncios encontrados
[2026-08-05 21:32:20] Consultando: Vallès Occidental > Sabadell (Todos los tipos) [Locales] ...
[2026-08-05 21:32:20]   -> 1 anuncios encontrados
[2026-08-05 21:32:20] Consultando: Vallès Occidental > Sabadell (Todos los tipos) [Naves] ...
[2026-08-05 21:32:21]   -> 1 anuncios encontrados
[2026-08-05 21:32:21] Consultando: Vallès Occidental > Sabadell (Todos los tipos) [Oficinas] ...
[2026-08-05 21:32:22]   -> 0 anuncios encontrados
[2026-08-05 21:32:22] Consultando: Vallès Occidental > Sabadell (Todos los tipos) [Terrenos] ...
[2026-08-05 21:32:22]   -> 5 anuncios encontrados
[2026-08-05 21:32:22] Consultando: Vallès Occidental > Sabadell (Todos los tipos) [Obras paradas] ...
[2026-08-05 21:32:23]   -> 0 anuncios encontrados
[2026-08-05 21:32:23] Consultando: Vallès Occidental > Sabadell (Todos los tipos) [Edificios] ...
[2026-08-05 21:32:23]   -> 0 anuncios encontrados
[2026-08-05 21:32:23] Consultando: Vallès Occidental > Sabadell (Todos los tipos) [Negocios] ...
[2026-08-05 21:32:24]   -> 0 anuncios encontrados
[2026-08-05 21:32:24] Consultando: Vallès Occidental > Sabadell (Todos los tipos) [Otros] ...
[2026-08-05 21:32:25]   -> 1 anuncios encontrados
[2026-08-05 21:32:25] Consultando: Vallès Occidental > Santa Perpètua de Mogoda (Todos los tipos) [Viviendas] ...
[2026-08-05 21:32:25]   -> 3 anuncios encontrados
[2026-08-05 21:32:25] Consultando: Vallès Occidental > Santa Perpètua de Mogoda (Todos los tipos) [Garajes] ...
[2026-08-05 21:32:26]   -> 0 anuncios encontrados
[2026-08-05 21:32:26] Consultando: Vallès Occidental > Santa Perpètua de Mogoda (Todos los tipos) [Trasteros] ...
[2026-08-05 21:32:26]   -> 0 anuncios encontrados
[2026-08-05 21:32:26] Consultando: Vallès Occidental > Santa Perpètua de Mogoda (Todos los tipos) [Locales] ...
[2026-08-05 21:32:27]   -> 1 anuncios encontrados
[2026-08-05 21:32:27] Consultando: Vallès Occidental > Santa Perpètua de Mogoda (Todos los tipos) [Naves] ...
[2026-08-05 21:32:28]   -> 0 anuncios encontrados
[2026-08-05 21:32:28] Consultando: Vallès Occidental > Santa Perpètua de Mogoda (Todos los tipos) [Oficinas] ...
[2026-08-05 21:32:28]   -> 0 anuncios encontrados
[2026-08-05 21:32:28] Consultando: Vallès Occidental > Santa Perpètua de Mogoda (Todos los tipos) [Terrenos] ...
[2026-08-05 21:32:28]   -> 0 anuncios encontrados
[2026-08-05 21:32:28] Consultando: Vallès Occidental > Santa Perpètua de Mogoda (Todos los tipos) [Obras paradas] ...
[2026-08-05 21:32:29]   -> 0 anuncios encontrados
[2026-08-05 21:32:29] Consultando: Vallès Occidental > Santa Perpètua de Mogoda (Todos los tipos) [Edificios] ...
[2026-08-05 21:32:29]   -> 0 anuncios encontrados
[2026-08-05 21:32:29] Consultando: Vallès Occidental > Santa Perpètua de Mogoda (Todos los tipos) [Negocios] ...
[2026-08-05 21:32:30]   -> 0 anuncios encontrados
[2026-08-05 21:32:30] Consultando: Vallès Occidental > Santa Perpètua de Mogoda (Todos los tipos) [Otros] ...
[2026-08-05 21:32:30]   -> 0 anuncios encontrados
[2026-08-05 21:32:30] Consultando: Vallès Occidental > Terrassa (Todos los tipos) [Viviendas] ...
[2026-08-05 21:32:35]   -> 65 anuncios encontrados
[2026-08-05 21:32:35] Consultando: Vallès Occidental > Terrassa (Todos los tipos) [Garajes] ...
[2026-08-05 21:32:36]   -> 4 anuncios encontrados
[2026-08-05 21:32:36] Consultando: Vallès Occidental > Terrassa (Todos los tipos) [Trasteros] ...
[2026-08-05 21:32:36]   -> 0 anuncios encontrados
[2026-08-05 21:32:36] Consultando: Vallès Occidental > Terrassa (Todos los tipos) [Locales] ...
[2026-08-05 21:32:37]   -> 4 anuncios encontrados
[2026-08-05 21:32:37] Consultando: Vallès Occidental > Terrassa (Todos los tipos) [Naves] ...
[2026-08-05 21:32:38]   -> 0 anuncios encontrados
[2026-08-05 21:32:38] Consultando: Vallès Occidental > Terrassa (Todos los tipos) [Oficinas] ...
[2026-08-05 21:32:39]   -> 1 anuncios encontrados
[2026-08-05 21:32:39] Consultando: Vallès Occidental > Terrassa (Todos los tipos) [Terrenos] ...
[2026-08-05 21:32:39]   -> 5 anuncios encontrados
[2026-08-05 21:32:39] Consultando: Vallès Occidental > Terrassa (Todos los tipos) [Obras paradas] ...
[2026-08-05 21:32:40]   -> 0 anuncios encontrados
[2026-08-05 21:32:40] Consultando: Vallès Occidental > Terrassa (Todos los tipos) [Edificios] ...
[2026-08-05 21:32:40]   -> 0 anuncios encontrados
[2026-08-05 21:32:40] Consultando: Vallès Occidental > Terrassa (Todos los tipos) [Negocios] ...
[2026-08-05 21:32:41]   -> 0 anuncios encontrados
[2026-08-05 21:32:41] Consultando: Vallès Occidental > Terrassa (Todos los tipos) [Otros] ...
[2026-08-05 21:32:41]   -> 0 anuncios encontrados
[2026-08-05 21:32:41] Consultando: Vallès Occidental > Vacarisses (Todos los tipos) [Viviendas] ...
[2026-08-05 21:32:42]   -> 2 anuncios encontrados
[2026-08-05 21:32:42] Consultando: Vallès Occidental > Vacarisses (Todos los tipos) [Garajes] ...
[2026-08-05 21:32:42]   -> 0 anuncios encontrados
[2026-08-05 21:32:42] Consultando: Vallès Occidental > Vacarisses (Todos los tipos) [Trasteros] ...
[2026-08-05 21:32:43]   -> 0 anuncios encontrados
[2026-08-05 21:32:43] Consultando: Vallès Occidental > Vacarisses (Todos los tipos) [Locales] ...
[2026-08-05 21:32:43]   -> 0 anuncios encontrados
[2026-08-05 21:32:43] Consultando: Vallès Occidental > Vacarisses (Todos los tipos) [Naves] ...
[2026-08-05 21:32:44]   -> 0 anuncios encontrados
[2026-08-05 21:32:44] Consultando: Vallès Occidental > Vacarisses (Todos los tipos) [Oficinas] ...
[2026-08-05 21:32:44]   -> 0 anuncios encontrados
[2026-08-05 21:32:44] Consultando: Vallès Occidental > Vacarisses (Todos los tipos) [Terrenos] ...
[2026-08-05 21:32:45]   -> 1 anuncios encontrados
[2026-08-05 21:32:45] Consultando: Vallès Occidental > Vacarisses (Todos los tipos) [Obras paradas] ...
[2026-08-05 21:32:46]   -> 0 anuncios encontrados
[2026-08-05 21:32:46] Consultando: Vallès Occidental > Vacarisses (Todos los tipos) [Edificios] ...
[2026-08-05 21:32:46]   -> 0 anuncios encontrados
[2026-08-05 21:32:46] Consultando: Vallès Occidental > Vacarisses (Todos los tipos) [Negocios] ...
[2026-08-05 21:32:46]   -> 0 anuncios encontrados
[2026-08-05 21:32:46] Consultando: Vallès Occidental > Vacarisses (Todos los tipos) [Otros] ...
[2026-08-05 21:32:47]   -> 0 anuncios encontrados
[2026-08-05 21:32:47] Consultando: Vallès Occidental > Viladecavalls (Todos los tipos) [Viviendas] ...
[2026-08-05 21:32:48]   -> 1 anuncios encontrados
[2026-08-05 21:32:48] Consultando: Vallès Occidental > Viladecavalls (Todos los tipos) [Garajes] ...
[2026-08-05 21:32:48]   -> 0 anuncios encontrados
[2026-08-05 21:32:48] Consultando: Vallès Occidental > Viladecavalls (Todos los tipos) [Trasteros] ...
[2026-08-05 21:32:49]   -> 0 anuncios encontrados
[2026-08-05 21:32:49] Consultando: Vallès Occidental > Viladecavalls (Todos los tipos) [Locales] ...
[2026-08-05 21:32:49]   -> 0 anuncios encontrados
[2026-08-05 21:32:49] Consultando: Vallès Occidental > Viladecavalls (Todos los tipos) [Naves] ...
[2026-08-05 21:32:50]   -> 0 anuncios encontrados
[2026-08-05 21:32:50] Consultando: Vallès Occidental > Viladecavalls (Todos los tipos) [Oficinas] ...
[2026-08-05 21:32:50]   -> 0 anuncios encontrados
[2026-08-05 21:32:50] Consultando: Vallès Occidental > Viladecavalls (Todos los tipos) [Terrenos] ...
[2026-08-05 21:32:50]   -> 0 anuncios encontrados
[2026-08-05 21:32:50] Consultando: Vallès Occidental > Viladecavalls (Todos los tipos) [Obras paradas] ...
[2026-08-05 21:32:51]   -> 0 anuncios encontrados
[2026-08-05 21:32:51] Consultando: Vallès Occidental > Viladecavalls (Todos los tipos) [Edificios] ...
[2026-08-05 21:32:51]   -> 0 anuncios encontrados
[2026-08-05 21:32:51] Consultando: Vallès Occidental > Viladecavalls (Todos los tipos) [Negocios] ...
[2026-08-05 21:32:52]   -> 0 anuncios encontrados
[2026-08-05 21:32:52] Consultando: Vallès Occidental > Viladecavalls (Todos los tipos) [Otros] ...
[2026-08-05 21:32:52]   -> 0 anuncios encontrados
[2026-08-05 21:32:52] Consultando: Vallès Oriental > L'Ametlla del Vallès (Todos los tipos) [Viviendas] ...
[2026-08-05 21:32:53]   -> 3 anuncios encontrados
[2026-08-05 21:32:53] Consultando: Vallès Oriental > L'Ametlla del Vallès (Todos los tipos) [Garajes] ...
[2026-08-05 21:32:54]   -> 0 anuncios encontrados
[2026-08-05 21:32:54] Consultando: Vallès Oriental > L'Ametlla del Vallès (Todos los tipos) [Trasteros] ...
[2026-08-05 21:32:54]   -> 0 anuncios encontrados
[2026-08-05 21:32:54] Consultando: Vallès Oriental > L'Ametlla del Vallès (Todos los tipos) [Locales] ...
[2026-08-05 21:32:54]   -> 0 anuncios encontrados
[2026-08-05 21:32:54] Consultando: Vallès Oriental > L'Ametlla del Vallès (Todos los tipos) [Naves] ...
[2026-08-05 21:32:55]   -> 0 anuncios encontrados
[2026-08-05 21:32:55] Consultando: Vallès Oriental > L'Ametlla del Vallès (Todos los tipos) [Oficinas] ...
[2026-08-05 21:32:55]   -> 0 anuncios encontrados
[2026-08-05 21:32:55] Consultando: Vallès Oriental > L'Ametlla del Vallès (Todos los tipos) [Terrenos] ...
[2026-08-05 21:32:56]   -> 1 anuncios encontrados
[2026-08-05 21:32:56] Consultando: Vallès Oriental > L'Ametlla del Vallès (Todos los tipos) [Obras paradas] ...
[2026-08-05 21:32:57]   -> 0 anuncios encontrados
[2026-08-05 21:32:57] Consultando: Vallès Oriental > L'Ametlla del Vallès (Todos los tipos) [Edificios] ...
[2026-08-05 21:32:57]   -> 0 anuncios encontrados
[2026-08-05 21:32:57] Consultando: Vallès Oriental > L'Ametlla del Vallès (Todos los tipos) [Negocios] ...
[2026-08-05 21:32:58]   -> 0 anuncios encontrados
[2026-08-05 21:32:58] Consultando: Vallès Oriental > L'Ametlla del Vallès (Todos los tipos) [Otros] ...
[2026-08-05 21:32:58]   -> 0 anuncios encontrados
[2026-08-05 21:32:58] Consultando: Vallès Oriental > Caldes de Montbui (Todos los tipos) [Viviendas] ...
[2026-08-05 21:32:59]   -> 1 anuncios encontrados
[2026-08-05 21:32:59] Consultando: Vallès Oriental > Caldes de Montbui (Todos los tipos) [Garajes] ...
[2026-08-05 21:32:59]   -> 0 anuncios encontrados
[2026-08-05 21:32:59] Consultando: Vallès Oriental > Caldes de Montbui (Todos los tipos) [Trasteros] ...
[2026-08-05 21:33:00]   -> 0 anuncios encontrados
[2026-08-05 21:33:00] Consultando: Vallès Oriental > Caldes de Montbui (Todos los tipos) [Locales] ...
[2026-08-05 21:33:00]   -> 0 anuncios encontrados
[2026-08-05 21:33:00] Consultando: Vallès Oriental > Caldes de Montbui (Todos los tipos) [Naves] ...
[2026-08-05 21:33:01]   -> 0 anuncios encontrados
[2026-08-05 21:33:01] Consultando: Vallès Oriental > Caldes de Montbui (Todos los tipos) [Oficinas] ...
[2026-08-05 21:33:01]   -> 0 anuncios encontrados
[2026-08-05 21:33:01] Consultando: Vallès Oriental > Caldes de Montbui (Todos los tipos) [Terrenos] ...
[2026-08-05 21:33:02]   -> 0 anuncios encontrados
[2026-08-05 21:33:02] Consultando: Vallès Oriental > Caldes de Montbui (Todos los tipos) [Obras paradas] ...
[2026-08-05 21:33:02]   -> 0 anuncios encontrados
[2026-08-05 21:33:02] Consultando: Vallès Oriental > Caldes de Montbui (Todos los tipos) [Edificios] ...
[2026-08-05 21:33:03]   -> 0 anuncios encontrados
[2026-08-05 21:33:03] Consultando: Vallès Oriental > Caldes de Montbui (Todos los tipos) [Negocios] ...
[2026-08-05 21:33:03]   -> 0 anuncios encontrados
[2026-08-05 21:33:03] Consultando: Vallès Oriental > Caldes de Montbui (Todos los tipos) [Otros] ...
[2026-08-05 21:33:03]   -> 0 anuncios encontrados
[2026-08-05 21:33:03] Consultando: Vallès Oriental > Canovelles (Todos los tipos) [Viviendas] ...
[2026-08-05 21:33:05]   -> 13 anuncios encontrados
[2026-08-05 21:33:05] Consultando: Vallès Oriental > Canovelles (Todos los tipos) [Garajes] ...
[2026-08-05 21:33:06]   -> 0 anuncios encontrados
[2026-08-05 21:33:06] Consultando: Vallès Oriental > Canovelles (Todos los tipos) [Trasteros] ...
[2026-08-05 21:33:06]   -> 0 anuncios encontrados
[2026-08-05 21:33:06] Consultando: Vallès Oriental > Canovelles (Todos los tipos) [Locales] ...
[2026-08-05 21:33:06]   -> 0 anuncios encontrados
[2026-08-05 21:33:06] Consultando: Vallès Oriental > Canovelles (Todos los tipos) [Naves] ...
[2026-08-05 21:33:07]   -> 0 anuncios encontrados
[2026-08-05 21:33:07] Consultando: Vallès Oriental > Canovelles (Todos los tipos) [Oficinas] ...
[2026-08-05 21:33:07]   -> 0 anuncios encontrados
[2026-08-05 21:33:07] Consultando: Vallès Oriental > Canovelles (Todos los tipos) [Terrenos] ...
[2026-08-05 21:33:08]   -> 0 anuncios encontrados
[2026-08-05 21:33:08] Consultando: Vallès Oriental > Canovelles (Todos los tipos) [Obras paradas] ...
[2026-08-05 21:33:08]   -> 0 anuncios encontrados
[2026-08-05 21:33:08] Consultando: Vallès Oriental > Canovelles (Todos los tipos) [Edificios] ...
[2026-08-05 21:33:09]   -> 0 anuncios encontrados
[2026-08-05 21:33:09] Consultando: Vallès Oriental > Canovelles (Todos los tipos) [Negocios] ...
[2026-08-05 21:33:09]   -> 0 anuncios encontrados
[2026-08-05 21:33:09] Consultando: Vallès Oriental > Canovelles (Todos los tipos) [Otros] ...
[2026-08-05 21:33:10]   -> 0 anuncios encontrados
[2026-08-05 21:33:10] Consultando: Vallès Oriental > Cardedeu (Todos los tipos) [Viviendas] ...
[2026-08-05 21:33:11]   -> 2 anuncios encontrados
[2026-08-05 21:33:11] Consultando: Vallès Oriental > Cardedeu (Todos los tipos) [Garajes] ...
[2026-08-05 21:33:11]   -> 5 anuncios encontrados
[2026-08-05 21:33:11] Consultando: Vallès Oriental > Cardedeu (Todos los tipos) [Trasteros] ...
[2026-08-05 21:33:12]   -> 0 anuncios encontrados
[2026-08-05 21:33:12] Consultando: Vallès Oriental > Cardedeu (Todos los tipos) [Locales] ...
[2026-08-05 21:33:12]   -> 0 anuncios encontrados
[2026-08-05 21:33:12] Consultando: Vallès Oriental > Cardedeu (Todos los tipos) [Naves] ...
[2026-08-05 21:33:13]   -> 0 anuncios encontrados
[2026-08-05 21:33:13] Consultando: Vallès Oriental > Cardedeu (Todos los tipos) [Oficinas] ...
[2026-08-05 21:33:13]   -> 1 anuncios encontrados
[2026-08-05 21:33:13] Consultando: Vallès Oriental > Cardedeu (Todos los tipos) [Terrenos] ...
[2026-08-05 21:33:14]   -> 0 anuncios encontrados
[2026-08-05 21:33:14] Consultando: Vallès Oriental > Cardedeu (Todos los tipos) [Obras paradas] ...
[2026-08-05 21:33:14]   -> 0 anuncios encontrados
[2026-08-05 21:33:14] Consultando: Vallès Oriental > Cardedeu (Todos los tipos) [Edificios] ...
[2026-08-05 21:33:15]   -> 0 anuncios encontrados
[2026-08-05 21:33:15] Consultando: Vallès Oriental > Cardedeu (Todos los tipos) [Negocios] ...
[2026-08-05 21:33:15]   -> 0 anuncios encontrados
[2026-08-05 21:33:15] Consultando: Vallès Oriental > Cardedeu (Todos los tipos) [Otros] ...
[2026-08-05 21:33:16]   -> 0 anuncios encontrados
[2026-08-05 21:33:16] Consultando: Vallès Oriental > Les Franqueses del Vallès (Todos los tipos) [Viviendas] ...
[2026-08-05 21:33:17]   -> 9 anuncios encontrados
[2026-08-05 21:33:17] Consultando: Vallès Oriental > Les Franqueses del Vallès (Todos los tipos) [Garajes] ...
[2026-08-05 21:33:17]   -> 1 anuncios encontrados
[2026-08-05 21:33:17] Consultando: Vallès Oriental > Les Franqueses del Vallès (Todos los tipos) [Trasteros] ...
[2026-08-05 21:33:18]   -> 0 anuncios encontrados
[2026-08-05 21:33:18] Consultando: Vallès Oriental > Les Franqueses del Vallès (Todos los tipos) [Locales] ...
[2026-08-05 21:33:18]   -> 0 anuncios encontrados
[2026-08-05 21:33:18] Consultando: Vallès Oriental > Les Franqueses del Vallès (Todos los tipos) [Naves] ...
[2026-08-05 21:33:19]   -> 0 anuncios encontrados
[2026-08-05 21:33:19] Consultando: Vallès Oriental > Les Franqueses del Vallès (Todos los tipos) [Oficinas] ...
[2026-08-05 21:33:19]   -> 0 anuncios encontrados
[2026-08-05 21:33:19] Consultando: Vallès Oriental > Les Franqueses del Vallès (Todos los tipos) [Terrenos] ...
[2026-08-05 21:33:20]   -> 0 anuncios encontrados
[2026-08-05 21:33:20] Consultando: Vallès Oriental > Les Franqueses del Vallès (Todos los tipos) [Obras paradas] ...
[2026-08-05 21:33:20]   -> 0 anuncios encontrados
[2026-08-05 21:33:20] Consultando: Vallès Oriental > Les Franqueses del Vallès (Todos los tipos) [Edificios] ...
[2026-08-05 21:33:21]   -> 0 anuncios encontrados
[2026-08-05 21:33:21] Consultando: Vallès Oriental > Les Franqueses del Vallès (Todos los tipos) [Negocios] ...
[2026-08-05 21:33:21]   -> 0 anuncios encontrados
[2026-08-05 21:33:21] Consultando: Vallès Oriental > Les Franqueses del Vallès (Todos los tipos) [Otros] ...
[2026-08-05 21:33:22]   -> 0 anuncios encontrados
[2026-08-05 21:33:22] Consultando: Vallès Oriental > Granollers (Todos los tipos) [Viviendas] ...
[2026-08-05 21:33:24]   -> 36 anuncios encontrados
[2026-08-05 21:33:24] Consultando: Vallès Oriental > Granollers (Todos los tipos) [Garajes] ...
[2026-08-05 21:33:25]   -> 5 anuncios encontrados
[2026-08-05 21:33:25] Consultando: Vallès Oriental > Granollers (Todos los tipos) [Trasteros] ...
[2026-08-05 21:33:26]   -> 0 anuncios encontrados
[2026-08-05 21:33:26] Consultando: Vallès Oriental > Granollers (Todos los tipos) [Locales] ...
[2026-08-05 21:33:26]   -> 1 anuncios encontrados
[2026-08-05 21:33:26] Consultando: Vallès Oriental > Granollers (Todos los tipos) [Naves] ...
[2026-08-05 21:33:27]   -> 0 anuncios encontrados
[2026-08-05 21:33:27] Consultando: Vallès Oriental > Granollers (Todos los tipos) [Oficinas] ...
[2026-08-05 21:33:28]   -> 1 anuncios encontrados
[2026-08-05 21:33:28] Consultando: Vallès Oriental > Granollers (Todos los tipos) [Terrenos] ...
[2026-08-05 21:33:28]   -> 0 anuncios encontrados
[2026-08-05 21:33:28] Consultando: Vallès Oriental > Granollers (Todos los tipos) [Obras paradas] ...
[2026-08-05 21:33:29]   -> 0 anuncios encontrados
[2026-08-05 21:33:29] Consultando: Vallès Oriental > Granollers (Todos los tipos) [Edificios] ...
[2026-08-05 21:33:29]   -> 0 anuncios encontrados
[2026-08-05 21:33:29] Consultando: Vallès Oriental > Granollers (Todos los tipos) [Negocios] ...
[2026-08-05 21:33:30]   -> 0 anuncios encontrados
[2026-08-05 21:33:30] Consultando: Vallès Oriental > Granollers (Todos los tipos) [Otros] ...
[2026-08-05 21:33:30]   -> 0 anuncios encontrados
[2026-08-05 21:33:30] Consultando: Vallès Oriental > La Llagosta (Todos los tipos) [Viviendas] ...
[2026-08-05 21:33:31]   -> 3 anuncios encontrados
[2026-08-05 21:33:31] Consultando: Vallès Oriental > La Llagosta (Todos los tipos) [Garajes] ...
[2026-08-05 21:33:31]   -> 0 anuncios encontrados
[2026-08-05 21:33:31] Consultando: Vallès Oriental > La Llagosta (Todos los tipos) [Trasteros] ...
[2026-08-05 21:33:32]   -> 0 anuncios encontrados
[2026-08-05 21:33:32] Consultando: Vallès Oriental > La Llagosta (Todos los tipos) [Locales] ...
[2026-08-05 21:33:32]   -> 0 anuncios encontrados
[2026-08-05 21:33:32] Consultando: Vallès Oriental > La Llagosta (Todos los tipos) [Naves] ...
[2026-08-05 21:33:33]   -> 0 anuncios encontrados
[2026-08-05 21:33:33] Consultando: Vallès Oriental > La Llagosta (Todos los tipos) [Oficinas] ...
[2026-08-05 21:33:33]   -> 0 anuncios encontrados
[2026-08-05 21:33:33] Consultando: Vallès Oriental > La Llagosta (Todos los tipos) [Terrenos] ...
[2026-08-05 21:33:34]   -> 0 anuncios encontrados
[2026-08-05 21:33:34] Consultando: Vallès Oriental > La Llagosta (Todos los tipos) [Obras paradas] ...
[2026-08-05 21:33:34]   -> 0 anuncios encontrados
[2026-08-05 21:33:34] Consultando: Vallès Oriental > La Llagosta (Todos los tipos) [Edificios] ...
[2026-08-05 21:33:34]   -> 0 anuncios encontrados
[2026-08-05 21:33:34] Consultando: Vallès Oriental > La Llagosta (Todos los tipos) [Negocios] ...
[2026-08-05 21:33:35]   -> 0 anuncios encontrados
[2026-08-05 21:33:35] Consultando: Vallès Oriental > La Llagosta (Todos los tipos) [Otros] ...
[2026-08-05 21:33:35]   -> 0 anuncios encontrados
[2026-08-05 21:33:35] Consultando: Vallès Oriental > Llinars del Vallès (Todos los tipos) [Viviendas] ...
[2026-08-05 21:33:36]   -> 2 anuncios encontrados
[2026-08-05 21:33:36] Consultando: Vallès Oriental > Llinars del Vallès (Todos los tipos) [Garajes] ...
[2026-08-05 21:33:37]   -> 0 anuncios encontrados
[2026-08-05 21:33:37] Consultando: Vallès Oriental > Llinars del Vallès (Todos los tipos) [Trasteros] ...
[2026-08-05 21:33:37]   -> 0 anuncios encontrados
[2026-08-05 21:33:37] Consultando: Vallès Oriental > Llinars del Vallès (Todos los tipos) [Locales] ...
[2026-08-05 21:33:38]   -> 0 anuncios encontrados
[2026-08-05 21:33:38] Consultando: Vallès Oriental > Llinars del Vallès (Todos los tipos) [Naves] ...
[2026-08-05 21:33:38]   -> 0 anuncios encontrados
[2026-08-05 21:33:38] Consultando: Vallès Oriental > Llinars del Vallès (Todos los tipos) [Oficinas] ...
[2026-08-05 21:33:39]   -> 0 anuncios encontrados
[2026-08-05 21:33:39] Consultando: Vallès Oriental > Llinars del Vallès (Todos los tipos) [Terrenos] ...
[2026-08-05 21:33:39]   -> 4 anuncios encontrados
[2026-08-05 21:33:39] Consultando: Vallès Oriental > Llinars del Vallès (Todos los tipos) [Obras paradas] ...
[2026-08-05 21:33:40]   -> 0 anuncios encontrados
[2026-08-05 21:33:40] Consultando: Vallès Oriental > Llinars del Vallès (Todos los tipos) [Edificios] ...
[2026-08-05 21:33:40]   -> 0 anuncios encontrados
[2026-08-05 21:33:40] Consultando: Vallès Oriental > Llinars del Vallès (Todos los tipos) [Negocios] ...
[2026-08-05 21:33:41]   -> 0 anuncios encontrados
[2026-08-05 21:33:41] Consultando: Vallès Oriental > Llinars del Vallès (Todos los tipos) [Otros] ...
[2026-08-05 21:33:41]   -> 0 anuncios encontrados
[2026-08-05 21:33:41] Consultando: Vallès Oriental > Mollet del Vallès (Todos los tipos) [Viviendas] ...
[2026-08-05 21:33:44]   -> 31 anuncios encontrados
[2026-08-05 21:33:44] Consultando: Vallès Oriental > Mollet del Vallès (Todos los tipos) [Garajes] ...
[2026-08-05 21:33:45]   -> 12 anuncios encontrados
[2026-08-05 21:33:45] Consultando: Vallès Oriental > Mollet del Vallès (Todos los tipos) [Trasteros] ...
[2026-08-05 21:33:45]   -> 0 anuncios encontrados
[2026-08-05 21:33:45] Consultando: Vallès Oriental > Mollet del Vallès (Todos los tipos) [Locales] ...
[2026-08-05 21:33:46]   -> 0 anuncios encontrados
[2026-08-05 21:33:46] Consultando: Vallès Oriental > Mollet del Vallès (Todos los tipos) [Naves] ...
[2026-08-05 21:33:46]   -> 0 anuncios encontrados
[2026-08-05 21:33:46] Consultando: Vallès Oriental > Mollet del Vallès (Todos los tipos) [Oficinas] ...
[2026-08-05 21:33:47]   -> 1 anuncios encontrados
[2026-08-05 21:33:47] Consultando: Vallès Oriental > Mollet del Vallès (Todos los tipos) [Terrenos] ...
[2026-08-05 21:33:47]   -> 0 anuncios encontrados
[2026-08-05 21:33:47] Consultando: Vallès Oriental > Mollet del Vallès (Todos los tipos) [Obras paradas] ...
[2026-08-05 21:33:48]   -> 0 anuncios encontrados
[2026-08-05 21:33:48] Consultando: Vallès Oriental > Mollet del Vallès (Todos los tipos) [Edificios] ...
[2026-08-05 21:33:48]   -> 0 anuncios encontrados
[2026-08-05 21:33:48] Consultando: Vallès Oriental > Mollet del Vallès (Todos los tipos) [Negocios] ...
[2026-08-05 21:33:49]   -> 0 anuncios encontrados
[2026-08-05 21:33:49] Consultando: Vallès Oriental > Mollet del Vallès (Todos los tipos) [Otros] ...
[2026-08-05 21:33:49]   -> 0 anuncios encontrados
[2026-08-05 21:33:49] Consultando: Vallès Oriental > Montornès del Vallès (Todos los tipos) [Viviendas] ...
[2026-08-05 21:33:50]   -> 6 anuncios encontrados
[2026-08-05 21:33:50] Consultando: Vallès Oriental > Montornès del Vallès (Todos los tipos) [Garajes] ...
[2026-08-05 21:33:50]   -> 0 anuncios encontrados
[2026-08-05 21:33:50] Consultando: Vallès Oriental > Montornès del Vallès (Todos los tipos) [Trasteros] ...
[2026-08-05 21:33:51]   -> 0 anuncios encontrados
[2026-08-05 21:33:51] Consultando: Vallès Oriental > Montornès del Vallès (Todos los tipos) [Locales] ...
[2026-08-05 21:33:51]   -> 0 anuncios encontrados
[2026-08-05 21:33:51] Consultando: Vallès Oriental > Montornès del Vallès (Todos los tipos) [Naves] ...
[2026-08-05 21:33:52]   -> 0 anuncios encontrados
[2026-08-05 21:33:52] Consultando: Vallès Oriental > Montornès del Vallès (Todos los tipos) [Oficinas] ...
[2026-08-05 21:33:52]   -> 0 anuncios encontrados
[2026-08-05 21:33:52] Consultando: Vallès Oriental > Montornès del Vallès (Todos los tipos) [Terrenos] ...
[2026-08-05 21:33:53]   -> 0 anuncios encontrados
[2026-08-05 21:33:53] Consultando: Vallès Oriental > Montornès del Vallès (Todos los tipos) [Obras paradas] ...
[2026-08-05 21:33:53]   -> 0 anuncios encontrados
[2026-08-05 21:33:53] Consultando: Vallès Oriental > Montornès del Vallès (Todos los tipos) [Edificios] ...
[2026-08-05 21:33:54]   -> 0 anuncios encontrados
[2026-08-05 21:33:54] Consultando: Vallès Oriental > Montornès del Vallès (Todos los tipos) [Negocios] ...
[2026-08-05 21:33:54]   -> 0 anuncios encontrados
[2026-08-05 21:33:54] Consultando: Vallès Oriental > Montornès del Vallès (Todos los tipos) [Otros] ...
[2026-08-05 21:33:55]   -> 0 anuncios encontrados
[2026-08-05 21:33:55] Consultando: Vallès Oriental > Parets del Vallès (Todos los tipos) [Viviendas] ...
[2026-08-05 21:33:55]   -> 0 anuncios encontrados
[2026-08-05 21:33:55] Consultando: Vallès Oriental > Parets del Vallès (Todos los tipos) [Garajes] ...
[2026-08-05 21:33:56]   -> 1 anuncios encontrados
[2026-08-05 21:33:56] Consultando: Vallès Oriental > Parets del Vallès (Todos los tipos) [Trasteros] ...
[2026-08-05 21:33:56]   -> 0 anuncios encontrados
[2026-08-05 21:33:56] Consultando: Vallès Oriental > Parets del Vallès (Todos los tipos) [Locales] ...
[2026-08-05 21:33:57]   -> 3 anuncios encontrados
[2026-08-05 21:33:57] Consultando: Vallès Oriental > Parets del Vallès (Todos los tipos) [Naves] ...
[2026-08-05 21:33:58]   -> 0 anuncios encontrados
[2026-08-05 21:33:58] Consultando: Vallès Oriental > Parets del Vallès (Todos los tipos) [Oficinas] ...
[2026-08-05 21:33:58]   -> 1 anuncios encontrados
[2026-08-05 21:33:58] Consultando: Vallès Oriental > Parets del Vallès (Todos los tipos) [Terrenos] ...
[2026-08-05 21:33:59]   -> 0 anuncios encontrados
[2026-08-05 21:33:59] Consultando: Vallès Oriental > Parets del Vallès (Todos los tipos) [Obras paradas] ...
[2026-08-05 21:33:59]   -> 0 anuncios encontrados
[2026-08-05 21:33:59] Consultando: Vallès Oriental > Parets del Vallès (Todos los tipos) [Edificios] ...
[2026-08-05 21:34:00]   -> 0 anuncios encontrados
[2026-08-05 21:34:00] Consultando: Vallès Oriental > Parets del Vallès (Todos los tipos) [Negocios] ...
[2026-08-05 21:34:00]   -> 0 anuncios encontrados
[2026-08-05 21:34:00] Consultando: Vallès Oriental > Parets del Vallès (Todos los tipos) [Otros] ...
[2026-08-05 21:34:01]   -> 0 anuncios encontrados
[2026-08-05 21:34:01] Consultando: Vallès Oriental > Sant Antoni de Vilamajor (Todos los tipos) [Viviendas] ...
[2026-08-05 21:34:01]   -> 1 anuncios encontrados
[2026-08-05 21:34:01] Consultando: Vallès Oriental > Sant Antoni de Vilamajor (Todos los tipos) [Garajes] ...
[2026-08-05 21:34:02]   -> 0 anuncios encontrados
[2026-08-05 21:34:02] Consultando: Vallès Oriental > Sant Antoni de Vilamajor (Todos los tipos) [Trasteros] ...
[2026-08-05 21:34:02]   -> 0 anuncios encontrados
[2026-08-05 21:34:02] Consultando: Vallès Oriental > Sant Antoni de Vilamajor (Todos los tipos) [Locales] ...
[2026-08-05 21:34:03]   -> 0 anuncios encontrados
[2026-08-05 21:34:03] Consultando: Vallès Oriental > Sant Antoni de Vilamajor (Todos los tipos) [Naves] ...
[2026-08-05 21:34:03]   -> 0 anuncios encontrados
[2026-08-05 21:34:03] Consultando: Vallès Oriental > Sant Antoni de Vilamajor (Todos los tipos) [Oficinas] ...
[2026-08-05 21:34:04]   -> 0 anuncios encontrados
[2026-08-05 21:34:04] Consultando: Vallès Oriental > Sant Antoni de Vilamajor (Todos los tipos) [Terrenos] ...
[2026-08-05 21:34:04]   -> 0 anuncios encontrados
[2026-08-05 21:34:04] Consultando: Vallès Oriental > Sant Antoni de Vilamajor (Todos los tipos) [Obras paradas] ...
[2026-08-05 21:34:05]   -> 0 anuncios encontrados
[2026-08-05 21:34:05] Consultando: Vallès Oriental > Sant Antoni de Vilamajor (Todos los tipos) [Edificios] ...
[2026-08-05 21:34:05]   -> 0 anuncios encontrados
[2026-08-05 21:34:05] Consultando: Vallès Oriental > Sant Antoni de Vilamajor (Todos los tipos) [Negocios] ...
[2026-08-05 21:34:06]   -> 0 anuncios encontrados
[2026-08-05 21:34:06] Consultando: Vallès Oriental > Sant Antoni de Vilamajor (Todos los tipos) [Otros] ...
[2026-08-05 21:34:06]   -> 0 anuncios encontrados
[2026-08-05 21:34:06] Consultando: Vallès Oriental > Sant Celoni (Todos los tipos) [Viviendas] ...
[2026-08-05 21:34:07]   -> 1 anuncios encontrados
[2026-08-05 21:34:07] Consultando: Vallès Oriental > Sant Celoni (Todos los tipos) [Garajes] ...
[2026-08-05 21:34:08]   -> 1 anuncios encontrados
[2026-08-05 21:34:08] Consultando: Vallès Oriental > Sant Celoni (Todos los tipos) [Trasteros] ...
[2026-08-05 21:34:08]   -> 0 anuncios encontrados
[2026-08-05 21:34:08] Consultando: Vallès Oriental > Sant Celoni (Todos los tipos) [Locales] ...
[2026-08-05 21:34:09]   -> 1 anuncios encontrados
[2026-08-05 21:34:09] Consultando: Vallès Oriental > Sant Celoni (Todos los tipos) [Naves] ...
[2026-08-05 21:34:09]   -> 0 anuncios encontrados
[2026-08-05 21:34:09] Consultando: Vallès Oriental > Sant Celoni (Todos los tipos) [Oficinas] ...
[2026-08-05 21:34:10]   -> 0 anuncios encontrados
[2026-08-05 21:34:10] Consultando: Vallès Oriental > Sant Celoni (Todos los tipos) [Terrenos] ...
[2026-08-05 21:34:11]   -> 1 anuncios encontrados
[2026-08-05 21:34:11] Consultando: Vallès Oriental > Sant Celoni (Todos los tipos) [Obras paradas] ...
[2026-08-05 21:34:11]   -> 1 anuncios encontrados
[2026-08-05 21:34:11] Consultando: Vallès Oriental > Sant Celoni (Todos los tipos) [Edificios] ...
[2026-08-05 21:34:12]   -> 0 anuncios encontrados
[2026-08-05 21:34:12] Consultando: Vallès Oriental > Sant Celoni (Todos los tipos) [Negocios] ...
[2026-08-05 21:34:12]   -> 0 anuncios encontrados
[2026-08-05 21:34:12] Consultando: Vallès Oriental > Sant Celoni (Todos los tipos) [Otros] ...
[2026-08-05 21:34:13]   -> 0 anuncios encontrados
[2026-08-05 21:34:13] Consultando: Vallès Oriental > Sant Pere de Vilamajor (Todos los tipos) [Viviendas] ...
[2026-08-05 21:34:14]   -> 1 anuncios encontrados
[2026-08-05 21:34:14] Consultando: Vallès Oriental > Sant Pere de Vilamajor (Todos los tipos) [Garajes] ...
[2026-08-05 21:34:14]   -> 0 anuncios encontrados
[2026-08-05 21:34:14] Consultando: Vallès Oriental > Sant Pere de Vilamajor (Todos los tipos) [Trasteros] ...
[2026-08-05 21:34:15]   -> 0 anuncios encontrados
[2026-08-05 21:34:15] Consultando: Vallès Oriental > Sant Pere de Vilamajor (Todos los tipos) [Locales] ...
[2026-08-05 21:34:15]   -> 0 anuncios encontrados
[2026-08-05 21:34:15] Consultando: Vallès Oriental > Sant Pere de Vilamajor (Todos los tipos) [Naves] ...
[2026-08-05 21:34:15]   -> 0 anuncios encontrados
[2026-08-05 21:34:15] Consultando: Vallès Oriental > Sant Pere de Vilamajor (Todos los tipos) [Oficinas] ...
[2026-08-05 21:34:16]   -> 0 anuncios encontrados
[2026-08-05 21:34:16] Consultando: Vallès Oriental > Sant Pere de Vilamajor (Todos los tipos) [Terrenos] ...
[2026-08-05 21:34:16]   -> 0 anuncios encontrados
[2026-08-05 21:34:16] Consultando: Vallès Oriental > Sant Pere de Vilamajor (Todos los tipos) [Obras paradas] ...
[2026-08-05 21:34:17]   -> 0 anuncios encontrados
[2026-08-05 21:34:17] Consultando: Vallès Oriental > Sant Pere de Vilamajor (Todos los tipos) [Edificios] ...
[2026-08-05 21:34:17]   -> 0 anuncios encontrados
[2026-08-05 21:34:17] Consultando: Vallès Oriental > Sant Pere de Vilamajor (Todos los tipos) [Negocios] ...
[2026-08-05 21:34:18]   -> 0 anuncios encontrados
[2026-08-05 21:34:18] Consultando: Vallès Oriental > Sant Pere de Vilamajor (Todos los tipos) [Otros] ...
[2026-08-05 21:34:18]   -> 0 anuncios encontrados
[2026-08-05 21:34:18] Consultando: Vallès Oriental > Vallgorguina (Todos los tipos) [Viviendas] ...
[2026-08-05 21:34:19]   -> 1 anuncios encontrados
[2026-08-05 21:34:19] Consultando: Vallès Oriental > Vallgorguina (Todos los tipos) [Garajes] ...
[2026-08-05 21:34:20]   -> 1 anuncios encontrados
[2026-08-05 21:34:20] Consultando: Vallès Oriental > Vallgorguina (Todos los tipos) [Trasteros] ...
[2026-08-05 21:34:20]   -> 0 anuncios encontrados
[2026-08-05 21:34:20] Consultando: Vallès Oriental > Vallgorguina (Todos los tipos) [Locales] ...
[2026-08-05 21:34:21]   -> 0 anuncios encontrados
[2026-08-05 21:34:21] Consultando: Vallès Oriental > Vallgorguina (Todos los tipos) [Naves] ...
[2026-08-05 21:34:21]   -> 0 anuncios encontrados
[2026-08-05 21:34:21] Consultando: Vallès Oriental > Vallgorguina (Todos los tipos) [Oficinas] ...
[2026-08-05 21:34:22]   -> 0 anuncios encontrados
[2026-08-05 21:34:22] Consultando: Vallès Oriental > Vallgorguina (Todos los tipos) [Terrenos] ...
[2026-08-05 21:34:23]   -> 2 anuncios encontrados
[2026-08-05 21:34:23] Consultando: Vallès Oriental > Vallgorguina (Todos los tipos) [Obras paradas] ...
[2026-08-05 21:34:23]   -> 0 anuncios encontrados
[2026-08-05 21:34:23] Consultando: Vallès Oriental > Vallgorguina (Todos los tipos) [Edificios] ...
[2026-08-05 21:34:23]   -> 0 anuncios encontrados
[2026-08-05 21:34:23] Consultando: Vallès Oriental > Vallgorguina (Todos los tipos) [Negocios] ...
[2026-08-05 21:34:24]   -> 0 anuncios encontrados
[2026-08-05 21:34:24] Consultando: Vallès Oriental > Vallgorguina (Todos los tipos) [Otros] ...
[2026-08-05 21:34:24]   -> 0 anuncios encontrados
[2026-08-05 21:34:24] Comprobacion terminada. Nuevos: 0. Bajadas de precio: 0.
